Archive member included to satisfy reference by file (symbol)

/usr/lib/gcc/arm-none-eabi/10.3.1/thumb/v6-m/nofp/libgcc.a(_dvmd_tls.o)
                              CMakeFiles/ili9341_display.dir/pico-sdk/src/rp2_common/pico_divider/divider_hardware.S.obj (__aeabi_idiv0)
/usr/lib/gcc/arm-none-eabi/10.3.1/../../../arm-none-eabi/lib/thumb/v6-m/nofp/libg.a(lib_a-atexit.o)
                              /usr/lib/gcc/arm-none-eabi/10.3.1/../../../arm-none-eabi/lib/thumb/v6-m/nofp/crt0.o (atexit)
/usr/lib/gcc/arm-none-eabi/10.3.1/../../../arm-none-eabi/lib/thumb/v6-m/nofp/libg.a(lib_a-calloc.o)
                              CMakeFiles/ili9341_display.dir/pico-sdk/src/rp2_common/pico_malloc/malloc.c.obj (calloc)
/usr/lib/gcc/arm-none-eabi/10.3.1/../../../arm-none-eabi/lib/thumb/v6-m/nofp/libg.a(lib_a-callocr.o)
                              /usr/lib/gcc/arm-none-eabi/10.3.1/../../../arm-none-eabi/lib/thumb/v6-m/nofp/libg.a(lib_a-calloc.o) (_calloc_r)
/usr/lib/gcc/arm-none-eabi/10.3.1/../../../arm-none-eabi/lib/thumb/v6-m/nofp/libg.a(lib_a-fini.o)
                              /usr/lib/gcc/arm-none-eabi/10.3.1/../../../arm-none-eabi/lib/thumb/v6-m/nofp/crt0.o (__libc_fini_array)
/usr/lib/gcc/arm-none-eabi/10.3.1/../../../arm-none-eabi/lib/thumb/v6-m/nofp/libg.a(lib_a-impure.o)
                              /usr/lib/gcc/arm-none-eabi/10.3.1/../../../arm-none-eabi/lib/thumb/v6-m/nofp/libg.a(lib_a-calloc.o) (_impure_ptr)
/usr/lib/gcc/arm-none-eabi/10.3.1/../../../arm-none-eabi/lib/thumb/v6-m/nofp/libg.a(lib_a-init.o)
                              /usr/lib/gcc/arm-none-eabi/10.3.1/../../../arm-none-eabi/lib/thumb/v6-m/nofp/crt0.o (__libc_init_array)
/usr/lib/gcc/arm-none-eabi/10.3.1/../../../arm-none-eabi/lib/thumb/v6-m/nofp/libg.a(lib_a-lcltime_r.o)
                              CMakeFiles/ili9341_display.dir/pico-sdk/src/common/pico_util/datetime.c.obj (localtime_r)
/usr/lib/gcc/arm-none-eabi/10.3.1/../../../arm-none-eabi/lib/thumb/v6-m/nofp/libg.a(lib_a-malloc.o)
                              CMakeFiles/ili9341_display.dir/pico-sdk/src/rp2_common/pico_malloc/malloc.c.obj (malloc)
/usr/lib/gcc/arm-none-eabi/10.3.1/../../../arm-none-eabi/lib/thumb/v6-m/nofp/libg.a(lib_a-mallocr.o)
                              /usr/lib/gcc/arm-none-eabi/10.3.1/../../../arm-none-eabi/lib/thumb/v6-m/nofp/libg.a(lib_a-callocr.o) (_malloc_r)
/usr/lib/gcc/arm-none-eabi/10.3.1/../../../arm-none-eabi/lib/thumb/v6-m/nofp/libg.a(lib_a-memcmp.o)
                              CMakeFiles/ili9341_display.dir/pico-sdk/src/rp2_common/pico_atomic/atomic.c.obj (memcmp)
/usr/lib/gcc/arm-none-eabi/10.3.1/../../../arm-none-eabi/lib/thumb/v6-m/nofp/libg.a(lib_a-mktime.o)
                              CMakeFiles/ili9341_display.dir/pico-sdk/src/common/pico_util/datetime.c.obj (mktime)
/usr/lib/gcc/arm-none-eabi/10.3.1/../../../arm-none-eabi/lib/thumb/v6-m/nofp/libg.a(lib_a-mlock.o)
                              /usr/lib/gcc/arm-none-eabi/10.3.1/../../../arm-none-eabi/lib/thumb/v6-m/nofp/libg.a(lib_a-mallocr.o) (__malloc_lock)
/usr/lib/gcc/arm-none-eabi/10.3.1/../../../arm-none-eabi/lib/thumb/v6-m/nofp/libg.a(lib_a-month_lengths.o)
                              /usr/lib/gcc/arm-none-eabi/10.3.1/../../../arm-none-eabi/lib/thumb/v6-m/nofp/libg.a(lib_a-lcltime_r.o) (__month_lengths)
/usr/lib/gcc/arm-none-eabi/10.3.1/../../../arm-none-eabi/lib/thumb/v6-m/nofp/libg.a(lib_a-realloc.o)
                              CMakeFiles/ili9341_display.dir/pico-sdk/src/rp2_common/pico_malloc/malloc.c.obj (realloc)
/usr/lib/gcc/arm-none-eabi/10.3.1/../../../arm-none-eabi/lib/thumb/v6-m/nofp/libg.a(lib_a-reallocr.o)
                              /usr/lib/gcc/arm-none-eabi/10.3.1/../../../arm-none-eabi/lib/thumb/v6-m/nofp/libg.a(lib_a-realloc.o) (_realloc_r)
/usr/lib/gcc/arm-none-eabi/10.3.1/../../../arm-none-eabi/lib/thumb/v6-m/nofp/libg.a(lib_a-sbrkr.o)
                              /usr/lib/gcc/arm-none-eabi/10.3.1/../../../arm-none-eabi/lib/thumb/v6-m/nofp/libg.a(lib_a-mallocr.o) (_sbrk_r)
/usr/lib/gcc/arm-none-eabi/10.3.1/../../../arm-none-eabi/lib/thumb/v6-m/nofp/libg.a(lib_a-strlen-stub.o)
                              CMakeFiles/ili9341_display.dir/pico-sdk/src/rp2_common/pico_stdio/stdio.c.obj (strlen)
/usr/lib/gcc/arm-none-eabi/10.3.1/../../../arm-none-eabi/lib/thumb/v6-m/nofp/libg.a(lib_a-tzcalc_limits.o)
                              /usr/lib/gcc/arm-none-eabi/10.3.1/../../../arm-none-eabi/lib/thumb/v6-m/nofp/libg.a(lib_a-lcltime_r.o) (__tzcalc_limits)
/usr/lib/gcc/arm-none-eabi/10.3.1/../../../arm-none-eabi/lib/thumb/v6-m/nofp/libg.a(lib_a-tzlock.o)
                              /usr/lib/gcc/arm-none-eabi/10.3.1/../../../arm-none-eabi/lib/thumb/v6-m/nofp/libg.a(lib_a-lcltime_r.o) (__tz_lock)
/usr/lib/gcc/arm-none-eabi/10.3.1/../../../arm-none-eabi/lib/thumb/v6-m/nofp/libg.a(lib_a-tzset.o)
                              /usr/lib/gcc/arm-none-eabi/10.3.1/../../../arm-none-eabi/lib/thumb/v6-m/nofp/libg.a(lib_a-lcltime_r.o) (_tzset_unlocked)
[...]
Memory Configuration

Name             Origin             Length             Attributes
FLASH            0x0000000010000000 0x0000000000200000 xr
RAM              0x0000000020000000 0x0000000000040000 xrw
SCRATCH_X        0x0000000020040000 0x0000000000001000 xrw
SCRATCH_Y        0x0000000020041000 0x0000000000001000 xrw
*default*        0x0000000000000000 0xffffffffffffffff

Linker script and memory map

LOAD /usr/lib/gcc/arm-none-eabi/10.3.1/thumb/v6-m/nofp/crti.o
LOAD /usr/lib/gcc/arm-none-eabi/10.3.1/thumb/v6-m/nofp/crtbegin.o
LOAD /usr/lib/gcc/arm-none-eabi/10.3.1/../../../arm-none-eabi/lib/thumb/v6-m/nofp/crt0.o

.flash_begin    0x0000000010000000        0x0
                0x0000000010000000                __flash_binary_start = .

.boot2          0x0000000010000000      0x100
                0x0000000010000000                __boot2_start__ = .
 *(.boot2)
 .boot2         0x0000000010000000      0x100 /tmp/cctJHGKx.o
                0x0000000010000100                __boot2_end__ = .
                0x0000000000000001                ASSERT (((__boot2_end__ - __boot2_start__) == 0x100), ERROR: Pico second stage bootloader must be 256 bytes in size)

.text           0x0000000010000100     0x2638
                0x0000000010000100                __logical_binary_start = .
 *(.vectors)
 .vectors       0x0000000010000100       0xd4 CMakeFiles/ili9341_display.dir/pico-sdk/src/rp2_common/pico_crt0/crt0.S.obj
                0x0000000010000100                __vectors
                0x0000000010000100                __VECTOR_TABLE
                0x00000000100001c0                isr_invalid
                0x00000000100001c0                __default_isrs_start
                0x00000000100001c2                isr_nmi
                0x00000000100001c4                isr_hardfault
                0x00000000100001c6                isr_svcall
                0x00000000100001c8                isr_pendsv
                0x00000000100001ca                isr_systick
                0x00000000100001cc                isr_irq30
                0x00000000100001cc                __unhandled_user_irq
                0x00000000100001cc                isr_irq13
                0x00000000100001cc                isr_irq27
                0x00000000100001cc                isr_irq31
                0x00000000100001cc                isr_irq5
                0x00000000100001cc                isr_irq11
                0x00000000100001cc                isr_irq23
                0x00000000100001cc                isr_irq18
                0x00000000100001cc                isr_irq28
                0x00000000100001cc                isr_irq19
                0x00000000100001cc                isr_irq0
                0x00000000100001cc                isr_irq6
                0x00000000100001cc                isr_irq22
                0x00000000100001cc                isr_irq17
                0x00000000100001cc                isr_irq14
                0x00000000100001cc                isr_irq2
                0x00000000100001cc                isr_irq10
                0x00000000100001cc                isr_irq8
                0x00000000100001cc                isr_irq24
                0x00000000100001cc                isr_irq1
                0x00000000100001cc                isr_irq7
                0x00000000100001cc                isr_irq21
                0x00000000100001cc                isr_irq20
                0x00000000100001cc                isr_irq15
                0x00000000100001cc                isr_irq25
                0x00000000100001cc                isr_irq4
                0x00000000100001cc                isr_irq16
                0x00000000100001cc                isr_irq29
                0x00000000100001cc                isr_irq26
                0x00000000100001cc                __default_isrs_end
                0x00000000100001cc                isr_irq3
                0x00000000100001cc                isr_irq12
                0x00000000100001cc                isr_irq9
                0x00000000100001d2                unhandled_user_irq_num_in_r0
 *(.binary_info_header)
 .binary_info_header
                0x00000000100001d4       0x14 CMakeFiles/ili9341_display.dir/pico-sdk/src/rp2_common/pico_crt0/crt0.S.obj
                0x00000000100001e8                __binary_info_header_end = .
 *(.embedded_block)
                0x00000000100001e8                __embedded_block_end = .
 *(.reset)
 .reset         0x00000000100001e8       0x9c CMakeFiles/ili9341_display.dir/pico-sdk/src/rp2_common/pico_crt0/crt0.S.obj
                0x00000000100001e8                _entry_point
 *(.init)
 .init          0x0000000010000284        0x4 /usr/lib/gcc/arm-none-eabi/10.3.1/thumb/v6-m/nofp/crti.o
                0x0000000010000284                _init
 *(EXCLUDE_FILE(*libm.a: *libc.a:*lib_a-mem*.o *libgcc.a:) .text*)
 .text          0x0000000010000288       0x98 /usr/lib/gcc/arm-none-eabi/10.3.1/thumb/v6-m/nofp/crtbegin.o
 .text.blink_callback
                0x0000000010000320       0x18 CMakeFiles/ili9341_display.dir/main.c.obj
                0x0000000010000320                blink_callback
 .text.gl_update_callback
                0x0000000010000338        0x4 CMakeFiles/ili9341_display.dir/main.c.obj
                0x0000000010000338                gl_update_callback
 .text.startup.main
                0x000000001000033c      0x168 CMakeFiles/ili9341_display.dir/main.c.obj
                0x000000001000033c                main
 .text.ili9341_init
                0x00000000100004a4      0x1ec CMakeFiles/ili9341_display.dir/lib/ili9341/ili9341.c.obj
                0x00000000100004a4                ili9341_init
 .text.ili9341_set_rotation
                0x0000000010000690      0x10c CMakeFiles/ili9341_display.dir/lib/ili9341/ili9341.c.obj
                0x0000000010000690                ili9341_set_rotation
 .text.ili9341_set_addr_window
                0x000000001000079c      0x168 CMakeFiles/ili9341_display.dir/lib/ili9341/ili9341.c.obj
                0x000000001000079c                ili9341_set_addr_window
 .text.ili9341_write_frame
                0x0000000010000904       0xcc CMakeFiles/ili9341_display.dir/lib/ili9341/ili9341.c.obj
                0x0000000010000904                ili9341_write_frame
 .text.gpio_set_function
                0x00000000100009d0       0x34 CMakeFiles/ili9341_display.dir/pico-sdk/src/rp2_common/hardware_gpio/gpio.c.obj
                0x00000000100009d0                gpio_set_function
 .text.gpio_init
                0x0000000010000a04       0x40 CMakeFiles/ili9341_display.dir/pico-sdk/src/rp2_common/hardware_gpio/gpio.c.obj
                0x0000000010000a04                gpio_init
 .text.panic    0x0000000010000a44       0x30 CMakeFiles/ili9341_display.dir/pico-sdk/src/rp2_common/pico_platform_panic/panic.c.obj
                0x0000000010000a44                panic
 .text.hw_claim_or_assert
                0x0000000010000a74       0x44 CMakeFiles/ili9341_display.dir/pico-sdk/src/common/hardware_claim/claim.c.obj
                0x0000000010000a74                hw_claim_or_assert
 .text.next_striped_spin_lock_num
                0x0000000010000ab8       0x18 CMakeFiles/ili9341_display.dir/pico-sdk/src/rp2_common/hardware_sync/sync.c.obj
                0x0000000010000ab8                next_striped_spin_lock_num
 .text.spin_locks_reset
                0x0000000010000ad0       0x1c CMakeFiles/ili9341_display.dir/pico-sdk/src/rp2_common/hardware_sync_spin_lock/sync_spin_lock.c.obj
                0x0000000010000ad0                spin_locks_reset
 .text.runtime_init_per_core_irq_priorities
                0x0000000010000aec       0x24 CMakeFiles/ili9341_display.dir/pico-sdk/src/rp2_common/hardware_irq/irq.c.obj
                0x0000000010000aec                runtime_init_per_core_irq_priorities
 .text.irq_set_enabled
                0x0000000010000b10       0x24 CMakeFiles/ili9341_display.dir/pico-sdk/src/rp2_common/hardware_irq/irq.c.obj
                0x0000000010000b10                irq_set_enabled
 .text.irq_set_exclusive_handler
                0x0000000010000b34       0x54 CMakeFiles/ili9341_display.dir/pico-sdk/src/rp2_common/hardware_irq/irq.c.obj
                0x0000000010000b34                irq_set_exclusive_handler
 .text.irq_remove_handler
                0x0000000010000b88      0x1c4 CMakeFiles/ili9341_display.dir/pico-sdk/src/rp2_common/hardware_irq/irq.c.obj
                0x0000000010000b88                irq_remove_handler
 .text.irq_add_tail_to_free_list
                0x0000000010000d4c       0xb4 CMakeFiles/ili9341_display.dir/pico-sdk/src/rp2_common/hardware_irq/irq.c.obj
                0x0000000010000d4c                irq_add_tail_to_free_list
 .text.lock_init
                0x0000000010000e00       0x10 CMakeFiles/ili9341_display.dir/pico-sdk/src/common/pico_sync/lock_core.c.obj
                0x0000000010000e00                lock_init
 .text.runtime_init_mutex
                0x0000000010000e10       0x58 CMakeFiles/ili9341_display.dir/pico-sdk/src/common/pico_sync/mutex.c.obj
                0x0000000010000e10                runtime_init_mutex
 .text.sleep_until_callback
                0x0000000010000e68       0x30 CMakeFiles/ili9341_display.dir/pico-sdk/src/common/pico_time/time.c.obj
 .text.alarm_pool_irq_handler
                0x0000000010000e98      0x2e4 CMakeFiles/ili9341_display.dir/pico-sdk/src/common/pico_time/time.c.obj
 .text.runtime_init_default_alarm_pool
                0x000000001000117c       0xdc CMakeFiles/ili9341_display.dir/pico-sdk/src/common/pico_time/time.c.obj
                0x000000001000117c                runtime_init_default_alarm_pool
 .text.alarm_pool_get_default
                0x0000000010001258        0x8 CMakeFiles/ili9341_display.dir/pico-sdk/src/common/pico_time/time.c.obj
                0x0000000010001258                alarm_pool_get_default
 .text.alarm_pool_add_alarm_at_force_in_context
                0x0000000010001260       0xb0 CMakeFiles/ili9341_display.dir/pico-sdk/src/common/pico_time/time.c.obj
                0x0000000010001260                alarm_pool_add_alarm_at_force_in_context
 .text.alarm_pool_cancel_alarm
                0x0000000010001310       0x7c CMakeFiles/ili9341_display.dir/pico-sdk/src/common/pico_time/time.c.obj
                0x0000000010001310                alarm_pool_cancel_alarm
 .text.sleep_until
                0x000000001000138c       0xd0 CMakeFiles/ili9341_display.dir/pico-sdk/src/common/pico_time/time.c.obj
                0x000000001000138c                sleep_until
 .text.sleep_ms
                0x000000001000145c       0x34 CMakeFiles/ili9341_display.dir/pico-sdk/src/common/pico_time/time.c.obj
                0x000000001000145c                sleep_ms
 .text.best_effort_wfe_or_timeout
                0x0000000010001490      0x11c CMakeFiles/ili9341_display.dir/pico-sdk/src/common/pico_time/time.c.obj
                0x0000000010001490                best_effort_wfe_or_timeout
 .text.alarm_pool_add_repeating_timer_us
                0x00000000100015ac      0x120 CMakeFiles/ili9341_display.dir/pico-sdk/src/common/pico_time/time.c.obj
                0x00000000100015ac                alarm_pool_add_repeating_timer_us
 .text.timer_hardware_alarm_claim
                0x00000000100016cc       0x14 CMakeFiles/ili9341_display.dir/pico-sdk/src/rp2_common/hardware_timer/timer.c.obj
                0x00000000100016cc                timer_hardware_alarm_claim
 .text.timer_time_us_64
                0x00000000100016e0       0x10 CMakeFiles/ili9341_display.dir/pico-sdk/src/rp2_common/hardware_timer/timer.c.obj
                0x00000000100016e0                timer_time_us_64
 .text.time_us_64
                0x00000000100016f0       0x14 CMakeFiles/ili9341_display.dir/pico-sdk/src/rp2_common/hardware_timer/timer.c.obj
                0x00000000100016f0                time_us_64
 .text.busy_wait_us
                0x0000000010001704       0x54 CMakeFiles/ili9341_display.dir/pico-sdk/src/rp2_common/hardware_timer/timer.c.obj
                0x0000000010001704                busy_wait_us
 .text.busy_wait_until
                0x0000000010001758       0x20 CMakeFiles/ili9341_display.dir/pico-sdk/src/rp2_common/hardware_timer/timer.c.obj
                0x0000000010001758                busy_wait_until
 .text.uart_init
                0x0000000010001778      0x11c CMakeFiles/ili9341_display.dir/pico-sdk/src/rp2_common/hardware_uart/uart.c.obj
                0x0000000010001778                uart_init
 .text.uart_set_format
                0x0000000010001894       0x78 CMakeFiles/ili9341_display.dir/pico-sdk/src/rp2_common/hardware_uart/uart.c.obj
                0x0000000010001894                uart_set_format
 .text.clock_configure_int_divider
                0x000000001000190c       0xf4 CMakeFiles/ili9341_display.dir/pico-sdk/src/rp2_common/hardware_clocks/clocks.c.obj
                0x000000001000190c                clock_configure_int_divider
 .text.clock_configure_undivided
                0x0000000010001a00       0xe8 CMakeFiles/ili9341_display.dir/pico-sdk/src/rp2_common/hardware_clocks/clocks.c.obj
                0x0000000010001a00                clock_configure_undivided
 .text.clock_get_hz
                0x0000000010001ae8        0xc CMakeFiles/ili9341_display.dir/pico-sdk/src/rp2_common/hardware_clocks/clocks.c.obj
                0x0000000010001ae8                clock_get_hz
 .text.pll_init
                0x0000000010001af4       0xa0 CMakeFiles/ili9341_display.dir/pico-sdk/src/rp2_common/hardware_pll/pll.c.obj
                0x0000000010001af4                pll_init
 .text.tick_start
                0x0000000010001b94       0x10 CMakeFiles/ili9341_display.dir/pico-sdk/src/rp2_common/hardware_ticks/ticks.c.obj
                0x0000000010001b94                tick_start
 .text.xosc_init
                0x0000000010001ba4       0x28 CMakeFiles/ili9341_display.dir/pico-sdk/src/rp2_common/hardware_xosc/xosc.c.obj
                0x0000000010001ba4                xosc_init
 .text.first_per_core_initializer
                0x0000000010001bcc        0x4 CMakeFiles/ili9341_display.dir/pico-sdk/src/rp2_common/pico_runtime/runtime.c.obj
 .text.hard_assertion_failure
                0x0000000010001bd0        0xc CMakeFiles/ili9341_display.dir/pico-sdk/src/rp2_common/pico_runtime/runtime.c.obj
                0x0000000010001bd0                hard_assertion_failure
 .text.runtime_run_initializers
                0x0000000010001bdc       0x28 CMakeFiles/ili9341_display.dir/pico-sdk/src/rp2_common/pico_runtime/runtime.c.obj
                0x0000000010001bdc                runtime_run_initializers
 .text.runtime_init_early_resets
                0x0000000010001c04       0x2c CMakeFiles/ili9341_display.dir/pico-sdk/src/rp2_common/pico_runtime_init/runtime_init.c.obj
                0x0000000010001c04                runtime_init_early_resets
 .text.runtime_init_usb_power_down
                0x0000000010001c30       0x1c CMakeFiles/ili9341_display.dir/pico-sdk/src/rp2_common/pico_runtime_init/runtime_init.c.obj
                0x0000000010001c30                runtime_init_usb_power_down
 .text.runtime_init_post_clock_resets
                0x0000000010001c4c       0x20 CMakeFiles/ili9341_display.dir/pico-sdk/src/rp2_common/pico_runtime_init/runtime_init.c.obj
                0x0000000010001c4c                runtime_init_post_clock_resets
 .text.runtime_init_rp2040_gpio_ie_disable
                0x0000000010001c6c       0x14 CMakeFiles/ili9341_display.dir/pico-sdk/src/rp2_common/pico_runtime_init/runtime_init.c.obj
                0x0000000010001c6c                runtime_init_rp2040_gpio_ie_disable
 .text.runtime_init_spin_locks_reset
                0x0000000010001c80        0x8 CMakeFiles/ili9341_display.dir/pico-sdk/src/rp2_common/pico_runtime_init/runtime_init.c.obj
                0x0000000010001c80                runtime_init_spin_locks_reset
 .text.runtime_init_install_ram_vector_table
                0x0000000010001c88       0x1c CMakeFiles/ili9341_display.dir/pico-sdk/src/rp2_common/pico_runtime_init/runtime_init.c.obj
                0x0000000010001c88                runtime_init_install_ram_vector_table
 .text.runtime_init_clocks
                0x0000000010001ca4       0xd8 CMakeFiles/ili9341_display.dir/pico-sdk/src/rp2_common/pico_runtime_init/runtime_init_clocks.c.obj
                0x0000000010001ca4                runtime_init_clocks
 .text          0x0000000010001d7c       0x10 CMakeFiles/ili9341_display.dir/pico-sdk/src/rp2_common/pico_bit_ops/bit_ops_aeabi.S.obj
 .text.rom_func_lookup
                0x0000000010001d8c       0x10 CMakeFiles/ili9341_display.dir/pico-sdk/src/rp2_common/pico_bootrom/bootrom.c.obj
                0x0000000010001d8c                rom_func_lookup
 .text.rom_data_lookup
                0x0000000010001d9c       0x10 CMakeFiles/ili9341_display.dir/pico-sdk/src/rp2_common/pico_bootrom/bootrom.c.obj
                0x0000000010001d9c                rom_data_lookup
 .text.rom_funcs_lookup
                0x0000000010001dac       0x44 CMakeFiles/ili9341_display.dir/pico-sdk/src/rp2_common/pico_bootrom/bootrom.c.obj
                0x0000000010001dac                rom_funcs_lookup
 .text.__wrap___aeabi_uidiv
                0x0000000010001df0       0x4c CMakeFiles/ili9341_display.dir/pico-sdk/src/rp2_common/pico_divider/divider_hardware.S.obj
                0x0000000010001df0                __wrap___aeabi_uidiv
                0x0000000010001df0                __wrap___aeabi_uidivmod
                0x0000000010001df0                div_u32u32
                0x0000000010001df0                divmod_u32u32
                0x0000000010001df8                divmod_u32u32_unsafe
                0x0000000010001e20                divmod_u32u32_savestate
 .text.__aeabi_double_init
                0x0000000010001e3c       0xa0 CMakeFiles/ili9341_display.dir/pico-sdk/src/rp2_common/pico_double/double_init_rom_rp2040.c.obj
                0x0000000010001e3c                __aeabi_double_init
 .text.double_table_shim_on_use_helper
                0x0000000010001edc       0x2c CMakeFiles/ili9341_display.dir/pico-sdk/src/rp2_common/pico_double/double_v1_rom_shim_rp2040.S.obj
                0x0000000010001edc                double_table_shim_on_use_helper
 .text.__aeabi_lmul
                0x0000000010001f08       0x32 CMakeFiles/ili9341_display.dir/pico-sdk/src/rp2_common/pico_int64_ops/pico_int64_ops_aeabi.S.obj
                0x0000000010001f08                __wrap___aeabi_lmul
 *fill*         0x0000000010001f3a        0x2 
 .text.__aeabi_float_init
                0x0000000010001f3c       0x64 CMakeFiles/ili9341_display.dir/pico-sdk/src/rp2_common/pico_float/float_init_rom_rp2040.c.obj
                0x0000000010001f3c                __aeabi_float_init
 .text.float_table_shim_on_use_helper
                0x0000000010001fa0       0x2c CMakeFiles/ili9341_display.dir/pico-sdk/src/rp2_common/pico_float/float_v1_rom_shim_rp2040.S.obj
                0x0000000010001fa0                float_table_shim_on_use_helper
 .text          0x0000000010001fcc       0x10 CMakeFiles/ili9341_display.dir/pico-sdk/src/rp2_common/pico_mem_ops/mem_ops_aeabi.S.obj
                0x0000000010001fcc                __aeabi_mem_init
 .text.memset   0x0000000010001fdc        0xc CMakeFiles/ili9341_display.dir/pico-sdk/src/rp2_common/pico_mem_ops/mem_ops_aeabi.S.obj
                0x0000000010001fdc                __wrap_memset
 .text.memcpy   0x0000000010001fe8        0xc CMakeFiles/ili9341_display.dir/pico-sdk/src/rp2_common/pico_mem_ops/mem_ops_aeabi.S.obj
                0x0000000010001fe8                __wrap___aeabi_memcpy
                0x0000000010001fe8                __wrap_memcpy
 .text._out_char
                0x0000000010001ff4       0x10 CMakeFiles/ili9341_display.dir/pico-sdk/src/rp2_common/pico_printf/printf.c.obj
 .text.weak_raw_vprintf
                0x0000000010002004       0x30 CMakeFiles/ili9341_display.dir/pico-sdk/src/rp2_common/pico_printf/printf.c.obj
                0x0000000010002004                weak_raw_vprintf
 .text._exit    0x0000000010002034        0x4 CMakeFiles/ili9341_display.dir/pico-sdk/src/rp2_common/pico_clib_interface/newlib_interface.c.obj
                0x0000000010002034                _exit
 .text.exit     0x0000000010002038        0x8 CMakeFiles/ili9341_display.dir/pico-sdk/src/rp2_common/pico_clib_interface/newlib_interface.c.obj
                0x0000000010002038                exit
 .text.runtime_init
                0x0000000010002040       0x2c CMakeFiles/ili9341_display.dir/pico-sdk/src/rp2_common/pico_clib_interface/newlib_interface.c.obj
                0x0000000010002040                runtime_init
 .text.stdio_out_chars_no_crlf
                0x000000001000206c       0x10 CMakeFiles/ili9341_display.dir/pico-sdk/src/rp2_common/pico_stdio/stdio.c.obj
 .text.stdio_out_chars_crlf
                0x000000001000207c       0xb4 CMakeFiles/ili9341_display.dir/pico-sdk/src/rp2_common/pico_stdio/stdio.c.obj
 .text.stdio_put_string
                0x0000000010002130      0x100 CMakeFiles/ili9341_display.dir/pico-sdk/src/rp2_common/pico_stdio/stdio.c.obj
                0x0000000010002130                stdio_put_string
 .text.stdio_set_driver_enabled
                0x0000000010002230       0x30 CMakeFiles/ili9341_display.dir/pico-sdk/src/rp2_common/pico_stdio/stdio.c.obj
                0x0000000010002230                stdio_set_driver_enabled
 .text.stdio_init_all
                0x0000000010002260        0xc CMakeFiles/ili9341_display.dir/pico-sdk/src/rp2_common/pico_stdio/stdio.c.obj
                0x0000000010002260                stdio_init_all
 .text.__wrap_putchar
                0x000000001000226c       0x98 CMakeFiles/ili9341_display.dir/pico-sdk/src/rp2_common/pico_stdio/stdio.c.obj
                0x000000001000226c                stdio_putchar
                0x000000001000226c                __wrap_putchar
 .text.__wrap_puts
                0x0000000010002304       0x3c CMakeFiles/ili9341_display.dir/pico-sdk/src/rp2_common/pico_stdio/stdio.c.obj
                0x0000000010002304                __wrap_puts
                0x0000000010002304                stdio_puts
 .text.stdio_uart_out_chars
                0x0000000010002340       0x4c CMakeFiles/ili9341_display.dir/pico-sdk/src/rp2_common/pico_stdio_uart/stdio_uart.c.obj
 .text.stdio_uart_in_chars
                0x000000001000238c       0x84 CMakeFiles/ili9341_display.dir/pico-sdk/src/rp2_common/pico_stdio_uart/stdio_uart.c.obj
                0x000000001000238c                stdio_uart_in_chars
 .text.on_uart_rx
                0x0000000010002410       0x28 CMakeFiles/ili9341_display.dir/pico-sdk/src/rp2_common/pico_stdio_uart/stdio_uart.c.obj
 .text.stdio_uart_out_flush
                0x0000000010002438       0x10 CMakeFiles/ili9341_display.dir/pico-sdk/src/rp2_common/pico_stdio_uart/stdio_uart.c.obj
 .text.stdio_uart_set_chars_available_callback
                0x0000000010002448       0x8c CMakeFiles/ili9341_display.dir/pico-sdk/src/rp2_common/pico_stdio_uart/stdio_uart.c.obj
 .text.stdio_uart_init
                0x00000000100024d4       0x50 CMakeFiles/ili9341_display.dir/pico-sdk/src/rp2_common/pico_stdio_uart/stdio_uart.c.obj
                0x00000000100024d4                stdio_uart_init
 .text.spi_init
                0x0000000010002524      0x134 CMakeFiles/ili9341_display.dir/pico-sdk/src/rp2_common/hardware_spi/spi.c.obj
                0x0000000010002524                spi_init
 .text          0x0000000010002658       0x5c /usr/lib/gcc/arm-none-eabi/10.3.1/../../../arm-none-eabi/lib/thumb/v6-m/nofp/libg.a(lib_a-strlen-stub.o)
                0x0000000010002658                strlen
 *(.fini)
 .fini          0x00000000100026b4        0x4 /usr/lib/gcc/arm-none-eabi/10.3.1/thumb/v6-m/nofp/crti.o
                0x00000000100026b4                _fini
 .fini.__stub   0x00000000100026b8       0x40 linker stubs
 *crtbegin.o(.ctors)
 *crtbegin?.o(.ctors)
 *(EXCLUDE_FILE(*crtend.o *crtend?.o) .ctors)
 *(SORT_BY_NAME(.ctors.*))
 *(.ctors)
 *crtbegin.o(.dtors)
 *crtbegin?.o(.dtors)
 *(EXCLUDE_FILE(*crtend.o *crtend?.o) .dtors)
 *(SORT_BY_NAME(.dtors.*))
 *(.dtors)
                0x00000000100026f8                . = ALIGN (0x4)
                0x00000000100026f8                PROVIDE (__preinit_array_start = .)
 *(SORT_BY_NAME(.preinit_array.*))
 .preinit_array.00100
                0x00000000100026f8        0x4 CMakeFiles/ili9341_display.dir/pico-sdk/src/rp2_common/pico_runtime_init/runtime_init.c.obj
                0x00000000100026f8                __pre_init_runtime_init_early_resets
 .preinit_array.00101
                0x00000000100026fc        0x4 CMakeFiles/ili9341_display.dir/pico-sdk/src/rp2_common/pico_runtime_init/runtime_init.c.obj
                0x00000000100026fc                __pre_init_runtime_init_usb_power_down
 .preinit_array.00275
                0x0000000010002700        0x4 CMakeFiles/ili9341_display.dir/pico-sdk/src/rp2_common/pico_bit_ops/bit_ops_aeabi.S.obj
 .preinit_array.00300
                0x0000000010002704        0x4 CMakeFiles/ili9341_display.dir/pico-sdk/src/rp2_common/pico_mem_ops/mem_ops_aeabi.S.obj
 .preinit_array.00350
                0x0000000010002708        0x4 CMakeFiles/ili9341_display.dir/pico-sdk/src/rp2_common/pico_double/double_aeabi_rp2040.S.obj
 .preinit_array.00350
                0x000000001000270c        0x4 CMakeFiles/ili9341_display.dir/pico-sdk/src/rp2_common/pico_float/float_aeabi_rp2040.S.obj
 .preinit_array.00500
                0x0000000010002710        0x4 CMakeFiles/ili9341_display.dir/pico-sdk/src/rp2_common/pico_runtime_init/runtime_init.c.obj
                0x0000000010002710                __pre_init_runtime_init_clocks
 .preinit_array.00600
                0x0000000010002714        0x4 CMakeFiles/ili9341_display.dir/pico-sdk/src/rp2_common/pico_runtime_init/runtime_init.c.obj
                0x0000000010002714                __pre_init_runtime_init_post_clock_resets
 .preinit_array.00700
                0x0000000010002718        0x4 CMakeFiles/ili9341_display.dir/pico-sdk/src/rp2_common/pico_runtime_init/runtime_init.c.obj
                0x0000000010002718                __pre_init_runtime_init_rp2040_gpio_ie_disable
 .preinit_array.01000
                0x000000001000271c        0x4 CMakeFiles/ili9341_display.dir/pico-sdk/src/rp2_common/pico_runtime_init/runtime_init.c.obj
                0x000000001000271c                __pre_init_runtime_init_spin_locks_reset
 .preinit_array.01100
                0x0000000010002720        0x4 CMakeFiles/ili9341_display.dir/pico-sdk/src/common/pico_sync/mutex.c.obj
                0x0000000010002720                __pre_init_runtime_init_mutex
 .preinit_array.10080
                0x0000000010002724        0x4 CMakeFiles/ili9341_display.dir/pico-sdk/src/rp2_common/pico_runtime_init/runtime_init.c.obj
                0x0000000010002724                __pre_init_runtime_init_install_ram_vector_table
 .preinit_array.11000
                0x0000000010002728        0x4 CMakeFiles/ili9341_display.dir/pico-sdk/src/common/pico_time/time.c.obj
                0x0000000010002728                __pre_init_runtime_init_default_alarm_pool
 .preinit_array.YYYYY
                0x000000001000272c        0x4 CMakeFiles/ili9341_display.dir/pico-sdk/src/rp2_common/pico_runtime/runtime.c.obj
                0x000000001000272c                __pre_init_first_per_core_initializer
 .preinit_array.ZZZZZ.01200
                0x0000000010002730        0x4 CMakeFiles/ili9341_display.dir/pico-sdk/src/rp2_common/hardware_irq/irq.c.obj
                0x0000000010002730                __pre_init_runtime_init_per_core_irq_priorities
 *(.preinit_array)
                0x0000000010002734                PROVIDE (__preinit_array_end = .)
                0x0000000010002734                . = ALIGN (0x4)
                0x0000000010002734                PROVIDE (__init_array_start = .)
 *(SORT_BY_NAME(.init_array.*))
 *(.init_array)
 .init_array    0x0000000010002734        0x4 /usr/lib/gcc/arm-none-eabi/10.3.1/thumb/v6-m/nofp/crtbegin.o
                0x0000000010002738                PROVIDE (__init_array_end = .)
                0x0000000010002738                . = ALIGN (0x4)
                0x0000000010002738                PROVIDE (__fini_array_start = .)
 *(SORT_BY_NAME(.fini_array.*))
 *(.fini_array)
                0x0000000010002738                PROVIDE (__fini_array_end = .)
 *(.eh_frame*)
 .eh_frame      0x0000000010002738        0x0 /usr/lib/gcc/arm-none-eabi/10.3.1/thumb/v6-m/nofp/crtbegin.o
                0x0000000010002738                . = ALIGN (0x4)

.glue_7         0x0000000010002738        0x0
 .glue_7        0x0000000010002738        0x0 linker stubs

.glue_7t        0x0000000010002738        0x0
 .glue_7t       0x0000000010002738        0x0 linker stubs

.vfp11_veneer   0x0000000010002738        0x0
 .vfp11_veneer  0x0000000010002738        0x0 linker stubs

.v4_bx          0x0000000010002738        0x0
 .v4_bx         0x0000000010002738        0x0 linker stubs

.iplt           0x0000000010002738        0x0
 .iplt          0x0000000010002738        0x0 /usr/lib/gcc/arm-none-eabi/10.3.1/thumb/v6-m/nofp/crtbegin.o

.rodata         0x0000000010002738      0x1a4
 *(EXCLUDE_FILE(*libm.a: *libc.a:*lib_a-mem*.o *libgcc.a:) .rodata*)
 .rodata.main.str1.4
                0x0000000010002738       0x25 CMakeFiles/ili9341_display.dir/main.c.obj
 *fill*         0x000000001000275d        0x3 
 .rodata.initcmd
                0x0000000010002760       0x6f CMakeFiles/ili9341_display.dir/lib/ili9341/ili9341.c.obj
 *fill*         0x00000000100027cf        0x1 
 .rodata.panic.str1.4
                0x00000000100027d0       0x12 CMakeFiles/ili9341_display.dir/pico-sdk/src/rp2_common/pico_platform_panic/panic.c.obj
 *fill*         0x00000000100027e2        0x2 
 .rodata.timer_hardware_alarm_claim.str1.4
                0x00000000100027e4       0x22 CMakeFiles/ili9341_display.dir/pico-sdk/src/rp2_common/hardware_timer/timer.c.obj
 *fill*         0x0000000010002806        0x2 
 .rodata.hard_assertion_failure.str1.4
                0x0000000010002808        0xc CMakeFiles/ili9341_display.dir/pico-sdk/src/rp2_common/pico_runtime/runtime.c.obj
 .rodata.str1.4
                0x0000000010002814       0x34 CMakeFiles/ili9341_display.dir/pico-sdk/src/rp2_common/pico_standard_binary_info/standard_binary_info.c.obj
 .rodata.__bi_26
                0x0000000010002848        0xc CMakeFiles/ili9341_display.dir/pico-sdk/src/rp2_common/pico_standard_binary_info/standard_binary_info.c.obj
 .rodata.__bi_34
                0x0000000010002854        0xc CMakeFiles/ili9341_display.dir/pico-sdk/src/rp2_common/pico_standard_binary_info/standard_binary_info.c.obj
 .rodata.__bi_42
                0x0000000010002860        0xc CMakeFiles/ili9341_display.dir/pico-sdk/src/rp2_common/pico_standard_binary_info/standard_binary_info.c.obj
 .rodata.__bi_48
                0x000000001000286c        0xc CMakeFiles/ili9341_display.dir/pico-sdk/src/rp2_common/pico_standard_binary_info/standard_binary_info.c.obj
 .rodata.__bi_54
                0x0000000010002878        0xc CMakeFiles/ili9341_display.dir/pico-sdk/src/rp2_common/pico_standard_binary_info/standard_binary_info.c.obj
 .rodata.__bi_84
                0x0000000010002884        0xc CMakeFiles/ili9341_display.dir/pico-sdk/src/rp2_common/pico_standard_binary_info/standard_binary_info.c.obj
 .rodata.crlf_str.0
                0x0000000010002890        0x2 CMakeFiles/ili9341_display.dir/pico-sdk/src/rp2_common/pico_stdio/stdio.c.obj
 *fill*         0x0000000010002892        0x2 
 .rodata.str1.4
                0x0000000010002894       0x2c CMakeFiles/ili9341_display.dir/pico-sdk/src/rp2_common/pico_stdio_uart/stdio_uart.c.obj
 .rodata.__bi_45.4
                0x00000000100028c0        0xc CMakeFiles/ili9341_display.dir/pico-sdk/src/rp2_common/pico_stdio_uart/stdio_uart.c.obj
 .rodata.__bi_49.5
                0x00000000100028cc        0x8 CMakeFiles/ili9341_display.dir/pico-sdk/src/rp2_common/pico_stdio_uart/stdio_uart.c.obj
 .rodata.__bi_50.6
                0x00000000100028d4        0x8 CMakeFiles/ili9341_display.dir/pico-sdk/src/rp2_common/pico_stdio_uart/stdio_uart.c.obj
                0x00000000100028dc                . = ALIGN (0x4)
 *(SORT_BY_ALIGNMENT(SORT_BY_NAME(.flashdata*)))
                0x00000000100028dc                . = ALIGN (0x4)

.ARM.extab
 *(.ARM.extab* .gnu.linkonce.armextab.*)
                0x00000000100028dc                __exidx_start = .

.ARM.exidx
 *(.ARM.exidx* .gnu.linkonce.armexidx.*)
                0x00000000100028dc                __exidx_end = .
                0x00000000100028dc                . = ALIGN (0x4)
                0x00000000100028dc                __binary_info_start = .

.binary_info    0x00000000100028dc       0x24
 *(.binary_info.keep.*)
 .binary_info.keep.__bi_ptr26
                0x00000000100028dc        0x4 CMakeFiles/ili9341_display.dir/pico-sdk/src/rp2_common/pico_standard_binary_info/standard_binary_info.c.obj
 .binary_info.keep.__bi_ptr34
                0x00000000100028e0        0x4 CMakeFiles/ili9341_display.dir/pico-sdk/src/rp2_common/pico_standard_binary_info/standard_binary_info.c.obj
 .binary_info.keep.__bi_ptr42
                0x00000000100028e4        0x4 CMakeFiles/ili9341_display.dir/pico-sdk/src/rp2_common/pico_standard_binary_info/standard_binary_info.c.obj
 .binary_info.keep.__bi_ptr48
                0x00000000100028e8        0x4 CMakeFiles/ili9341_display.dir/pico-sdk/src/rp2_common/pico_standard_binary_info/standard_binary_info.c.obj
 .binary_info.keep.__bi_ptr54
                0x00000000100028ec        0x4 CMakeFiles/ili9341_display.dir/pico-sdk/src/rp2_common/pico_standard_binary_info/standard_binary_info.c.obj
 .binary_info.keep.__bi_ptr84
                0x00000000100028f0        0x4 CMakeFiles/ili9341_display.dir/pico-sdk/src/rp2_common/pico_standard_binary_info/standard_binary_info.c.obj
 *(.binary_info.*)
 .binary_info.__bi_ptr45
                0x00000000100028f4        0x4 CMakeFiles/ili9341_display.dir/pico-sdk/src/rp2_common/pico_stdio_uart/stdio_uart.c.obj
 .binary_info.__bi_ptr49
                0x00000000100028f8        0x4 CMakeFiles/ili9341_display.dir/pico-sdk/src/rp2_common/pico_stdio_uart/stdio_uart.c.obj
 .binary_info.__bi_ptr50
                0x00000000100028fc        0x4 CMakeFiles/ili9341_display.dir/pico-sdk/src/rp2_common/pico_stdio_uart/stdio_uart.c.obj
                0x0000000010002900                __binary_info_end = .

.rel.dyn        0x0000000010002900        0x0
 .rel.iplt      0x0000000010002900        0x0 /usr/lib/gcc/arm-none-eabi/10.3.1/thumb/v6-m/nofp/crtbegin.o
                0x0000000010002900                . = ALIGN (0x4)

.ram_vector_table
                0x0000000020000000       0xc0
 *(.ram_vector_table)
 .ram_vector_table
                0x0000000020000000       0xc0 CMakeFiles/ili9341_display.dir/pico-sdk/src/rp2_common/pico_runtime_init/runtime_init.c.obj
                0x0000000020000000                ram_vector_table

.uninitialized_data
                0x00000000200000c0        0x0
                0x00000000200000c0                . = ALIGN (0x4)
 *(.uninitialized_data*)

.data           0x00000000200000c0      0x1d0 load address 0x0000000010002900
                0x00000000200000c0                __data_start__ = .
 *(vtable)
 *(.time_critical*)
 .time_critical.mutex_try_enter_block_until
                0x00000000200000c0       0x9c CMakeFiles/ili9341_display.dir/pico-sdk/src/common/pico_sync/mutex.c.obj
                0x00000000200000c0                mutex_try_enter_block_until
 .time_critical.mutex_exit
                0x000000002000015c       0x28 CMakeFiles/ili9341_display.dir/pico-sdk/src/common/pico_sync/mutex.c.obj
                0x000000002000015c                mutex_exit
 .time_critical.spi_write_blocking
                0x0000000020000184       0x4c CMakeFiles/ili9341_display.dir/pico-sdk/src/rp2_common/hardware_spi/spi.c.obj
                0x0000000020000184                spi_write_blocking
 *(.text*)
 .text          0x00000000200001d0        0x4 /usr/lib/gcc/arm-none-eabi/10.3.1/thumb/v6-m/nofp/libgcc.a(_dvmd_tls.o)
                0x00000000200001d0                __aeabi_ldiv0
                0x00000000200001d0                __aeabi_idiv0
 *fill*         0x00000000200001d4        0x4 
 .text.__stub   0x00000000200001d8       0x10 linker stubs
                0x00000000200001e8                . = ALIGN (0x4)
 *(.rodata*)
                0x00000000200001e8                . = ALIGN (0x4)
 *(.data*)
 .data.striped_spin_lock_num
                0x00000000200001e8        0x1 CMakeFiles/ili9341_display.dir/pico-sdk/src/rp2_common/hardware_sync/sync.c.obj
 *fill*         0x00000000200001e9        0x3 
 .data          0x00000000200001ec       0x48 CMakeFiles/ili9341_display.dir/pico-sdk/src/rp2_common/hardware_irq/irq_handler_chain.S.obj
                0x00000000200001ec                irq_handler_chain_slots
                0x000000002000021c                irq_handler_chain_first_slot
                0x0000000020000226                irq_handler_chain_remove_tail
 .data.default_alarm_pool
                0x0000000020000234       0x18 CMakeFiles/ili9341_display.dir/pico-sdk/src/common/pico_time/time.c.obj
 *fill*         0x000000002000024c        0x4 
 .data.aeabi_bits_funcs
                0x0000000020000250       0x10 CMakeFiles/ili9341_display.dir/pico-sdk/src/rp2_common/pico_bit_ops/bit_ops_aeabi.S.obj
                0x0000000020000250                aeabi_bits_funcs
                0x0000000020000260                aeabi_bits_funcs_end
 .data.aeabi_mem_funcs
                0x0000000020000260       0x10 CMakeFiles/ili9341_display.dir/pico-sdk/src/rp2_common/pico_mem_ops/mem_ops_aeabi.S.obj
                0x0000000020000260                aeabi_mem_funcs
                0x0000000020000270                aeabi_mem_funcs_end
 .data.stdio_uart
                0x0000000020000270       0x18 CMakeFiles/ili9341_display.dir/pico-sdk/src/rp2_common/pico_stdio_uart/stdio_uart.c.obj
                0x0000000020000270                stdio_uart
                0x0000000020000288                . = ALIGN (0x4)
 *(.after_data.*)
                0x0000000020000288                . = ALIGN (0x4)
                0x0000000020000288                PROVIDE (__mutex_array_start = .)
 *(SORT_BY_NAME(.mutex_array.*))
 *(.mutex_array)
 .mutex_array   0x0000000020000288        0x8 CMakeFiles/ili9341_display.dir/pico-sdk/src/rp2_common/pico_stdio/stdio.c.obj
                0x0000000020000290                PROVIDE (__mutex_array_end = .)
                0x0000000020000290                . = ALIGN (0x4)
 *(.jcr)
                0x0000000020000290                . = ALIGN (0x4)

.tm_clone_table
                0x0000000020000290        0x0 load address 0x0000000010002ad0
 .tm_clone_table
                0x0000000020000290        0x0 /usr/lib/gcc/arm-none-eabi/10.3.1/thumb/v6-m/nofp/crtbegin.o
 .tm_clone_table
                0x0000000020000290        0x0 /usr/lib/gcc/arm-none-eabi/10.3.1/thumb/v6-m/nofp/crtend.o

.igot.plt       0x0000000020000290        0x0 load address 0x0000000010002ad0
 .igot.plt      0x0000000020000290        0x0 /usr/lib/gcc/arm-none-eabi/10.3.1/thumb/v6-m/nofp/crtbegin.o

.tdata          0x0000000020000290        0x0 load address 0x0000000010002ad0
                0x0000000020000290                . = ALIGN (0x4)
 *(.tdata .tdata.* .gnu.linkonce.td.*)
                0x0000000020000290                __tdata_end = .
                0x0000000020000290                PROVIDE (__data_end__ = .)
                0x0000000010002900                __etext = LOADADDR (.data)

.tbss           0x0000000020000290        0x0 load address 0x0000000010002ad0
                0x0000000020000290                . = ALIGN (0x4)
                0x0000000020000290                __bss_start__ = .
                0x0000000020000290                __tls_base = .
 *(.tbss .tbss.* .gnu.linkonce.tb.*)
 *(.tcommon)
                0x0000000020000290                __tls_end = .

.bss            0x0000000020000290    0x25c60 load address 0x0000000010002ad0
                0x0000000020000290                . = ALIGN (0x4)
                0x0000000020000290                __tbss_end = .
 *(SORT_BY_ALIGNMENT(SORT_BY_NAME(.bss*)))
 .bss.blink_timer
                0x0000000020000290       0x18 CMakeFiles/ili9341_display.dir/main.c.obj
                0x0000000020000290                blink_timer
 .bss.default_alarm_pool_entries
                0x00000000200002a8      0x180 CMakeFiles/ili9341_display.dir/pico-sdk/src/common/pico_time/time.c.obj
 .bss.gl_update_timer
                0x0000000020000428       0x18 CMakeFiles/ili9341_display.dir/main.c.obj
                0x0000000020000428                gl_update_timer
 .bss.lcd_config
                0x0000000020000440       0x30 CMakeFiles/ili9341_display.dir/main.c.obj
                0x0000000020000440                lcd_config
 .bss.sd_table  0x0000000020000470      0x100 CMakeFiles/ili9341_display.dir/pico-sdk/src/rp2_common/pico_double/double_init_rom_rp2040.c.obj
                0x0000000020000470                sd_table
 .bss.sf_table  0x0000000020000570      0x100 CMakeFiles/ili9341_display.dir/pico-sdk/src/rp2_common/pico_float/float_init_rom_rp2040.c.obj
                0x0000000020000570                sf_table
 .bss           0x0000000020000670       0x1c /usr/lib/gcc/arm-none-eabi/10.3.1/thumb/v6-m/nofp/crtbegin.o
 .bss.chars_available_callback
                0x000000002000068c        0x4 CMakeFiles/ili9341_display.dir/pico-sdk/src/rp2_common/pico_stdio_uart/stdio_uart.c.obj
 .bss.chars_available_param
                0x0000000020000690        0x4 CMakeFiles/ili9341_display.dir/pico-sdk/src/rp2_common/pico_stdio_uart/stdio_uart.c.obj
 .bss.claimed   0x0000000020000694        0x1 CMakeFiles/ili9341_display.dir/pico-sdk/src/rp2_common/hardware_timer/timer.c.obj
 *fill*         0x0000000020000695        0x3 
 .bss.configured_freq
                0x0000000020000698       0x28 CMakeFiles/ili9341_display.dir/pico-sdk/src/rp2_common/hardware_clocks/clocks.c.obj
 .bss.drivers   0x00000000200006c0        0x4 CMakeFiles/ili9341_display.dir/pico-sdk/src/rp2_common/pico_stdio/stdio.c.obj
 .bss.filter    0x00000000200006c4        0x4 CMakeFiles/ili9341_display.dir/pico-sdk/src/rp2_common/pico_stdio/stdio.c.obj
 .bss.frame_buf
                0x00000000200006c8    0x25800 CMakeFiles/ili9341_display.dir/main.c.obj
                0x00000000200006c8                frame_buf
 .bss.lazy_vsnprintf
                0x0000000020025ec8        0x4 CMakeFiles/ili9341_display.dir/pico-sdk/src/rp2_common/pico_printf/printf.c.obj
 .bss.pools     0x0000000020025ecc       0x10 CMakeFiles/ili9341_display.dir/pico-sdk/src/common/pico_time/time.c.obj
 .bss.sf_clz_func
                0x0000000020025edc        0x4 CMakeFiles/ili9341_display.dir/pico-sdk/src/rp2_common/pico_double/double_init_rom_rp2040.c.obj
                0x0000000020025edc                sf_clz_func
 .bss.sleep_notifier
                0x0000000020025ee0        0x4 CMakeFiles/ili9341_display.dir/pico-sdk/src/common/pico_time/time.c.obj
 .bss.uart_char_to_line_feed
                0x0000000020025ee4        0x4 CMakeFiles/ili9341_display.dir/pico-sdk/src/rp2_common/hardware_uart/uart.c.obj
                0x0000000020025ee4                uart_char_to_line_feed
 .bss.uart_instance
                0x0000000020025ee8        0x4 CMakeFiles/ili9341_display.dir/pico-sdk/src/rp2_common/pico_stdio_uart/stdio_uart.c.obj
 .bss.irq_handler_chain_free_slot_head
                0x0000000020025eec        0x1 CMakeFiles/ili9341_display.dir/pico-sdk/src/rp2_common/hardware_irq/irq.c.obj
 *(COMMON)
                0x0000000020025ef0                . = ALIGN (0x4)
 *fill*         0x0000000020025eed        0x3 
                0x0000000020025ef0                __bss_end__ = .

.heap           0x0000000020025ef0    0x1a110 load address 0x0000000010002ad0
                0x0000000020025ef0                __end__ = .
                0x0000000020025ef0                end = __end__
 *(.heap*)
 .heap          0x0000000020025ef0      0x800 CMakeFiles/ili9341_display.dir/pico-sdk/src/rp2_common/pico_crt0/crt0.S.obj
                0x0000000020040000                . = (ORIGIN (RAM) + LENGTH (RAM))
 *fill*         0x00000000200266f0    0x19910 
                0x0000000020040000                __HeapLimit = .

.scratch_x      0x0000000020040000        0x0 load address 0x0000000010002ad0
                0x0000000020040000                __scratch_x_start__ = .
 *(.scratch_x.*)
                0x0000000020040000                . = ALIGN (0x4)
                0x0000000020040000                __scratch_x_end__ = .
                0x0000000010002ad0                __scratch_x_source__ = LOADADDR (.scratch_x)

.scratch_y      0x0000000020041000        0x0 load address 0x0000000010002ad0
                0x0000000020041000                __scratch_y_start__ = .
 *(.scratch_y.*)
                0x0000000020041000                . = ALIGN (0x4)
                0x0000000020041000                __scratch_y_end__ = .
                0x0000000010002ad0                __scratch_y_source__ = LOADADDR (.scratch_y)

.stack1_dummy   0x0000000020040000        0x0
 *(.stack1*)

.stack_dummy    0x0000000020041000      0x800
 *(.stack*)
 .stack         0x0000000020041000      0x800 CMakeFiles/ili9341_display.dir/pico-sdk/src/rp2_common/pico_crt0/crt0.S.obj

.flash_end      0x0000000010002ad0        0x0
 *(.embedded_end_block*)
                0x0000000010002ad0                PROVIDE (__flash_binary_end = .)
                0x0000000020040000                __StackLimit = (ORIGIN (RAM) + LENGTH (RAM))
                0x0000000020041000                __StackOneTop = (ORIGIN (SCRATCH_X) + LENGTH (SCRATCH_X))
                0x0000000020042000                __StackTop = (ORIGIN (SCRATCH_Y) + LENGTH (SCRATCH_Y))
                0x0000000020041000                __StackOneBottom = (__StackOneTop - SIZEOF (.stack1_dummy))
                0x0000000020041800                __StackBottom = (__StackTop - SIZEOF (.stack_dummy))
                0x0000000020042000                PROVIDE (__stack = __StackTop)
                [!provide]                        PROVIDE (__heap_start = __end__)
                [!provide]                        PROVIDE (__heap_end = __HeapLimit)
                [!provide]                        PROVIDE (__tls_align = MAX (ALIGNOF (.tdata), ALIGNOF (.tbss)))
                [!provide]                        PROVIDE (__tls_size_align = (((__tls_size + __tls_align) - 0x1) & ~ ((__tls_align - 0x1))))
                [!provide]                        PROVIDE (__arm32_tls_tcb_offset = MAX (0x8, __tls_align))
                [!provide]                        PROVIDE (_end = __end__)
                [!provide]                        PROVIDE (__llvm_libc_heap_limit = __HeapLimit)
                0x0000000000000001                ASSERT ((__StackLimit >= __HeapLimit), region RAM overflowed)
                0x0000000000000001                ASSERT (((__binary_info_header_end - __logical_binary_start) <= 0x100), Binary info must be in first 256 bytes of the binary)
LOAD CMakeFiles/ili9341_display.dir/main.c.obj
LOAD CMakeFiles/ili9341_display.dir/lib/ili9341/ili9341.c.obj
LOAD CMakeFiles/ili9341_display.dir/pico-sdk/src/rp2_common/pico_stdlib/stdlib.c.obj
LOAD CMakeFiles/ili9341_display.dir/pico-sdk/src/rp2_common/hardware_gpio/gpio.c.obj
LOAD CMakeFiles/ili9341_display.dir/pico-sdk/src/rp2040/pico_platform/platform.c.obj
LOAD CMakeFiles/ili9341_display.dir/pico-sdk/src/rp2_common/pico_platform_panic/panic.c.obj
LOAD CMakeFiles/ili9341_display.dir/pico-sdk/src/common/hardware_claim/claim.c.obj
LOAD CMakeFiles/ili9341_display.dir/pico-sdk/src/rp2_common/hardware_sync/sync.c.obj
LOAD CMakeFiles/ili9341_display.dir/pico-sdk/src/rp2_common/hardware_sync_spin_lock/sync_spin_lock.c.obj
LOAD CMakeFiles/ili9341_display.dir/pico-sdk/src/rp2_common/hardware_irq/irq.c.obj
LOAD CMakeFiles/ili9341_display.dir/pico-sdk/src/rp2_common/hardware_irq/irq_handler_chain.S.obj
LOAD CMakeFiles/ili9341_display.dir/pico-sdk/src/common/pico_sync/sem.c.obj
LOAD CMakeFiles/ili9341_display.dir/pico-sdk/src/common/pico_sync/lock_core.c.obj
LOAD CMakeFiles/ili9341_display.dir/pico-sdk/src/common/pico_sync/mutex.c.obj
LOAD CMakeFiles/ili9341_display.dir/pico-sdk/src/common/pico_sync/critical_section.c.obj
LOAD CMakeFiles/ili9341_display.dir/pico-sdk/src/common/pico_time/time.c.obj
LOAD CMakeFiles/ili9341_display.dir/pico-sdk/src/common/pico_time/timeout_helper.c.obj
LOAD CMakeFiles/ili9341_display.dir/pico-sdk/src/rp2_common/hardware_timer/timer.c.obj
LOAD CMakeFiles/ili9341_display.dir/pico-sdk/src/common/pico_util/datetime.c.obj
LOAD CMakeFiles/ili9341_display.dir/pico-sdk/src/common/pico_util/pheap.c.obj
LOAD CMakeFiles/ili9341_display.dir/pico-sdk/src/common/pico_util/queue.c.obj
LOAD CMakeFiles/ili9341_display.dir/pico-sdk/src/rp2_common/hardware_uart/uart.c.obj
LOAD CMakeFiles/ili9341_display.dir/pico-sdk/src/rp2_common/hardware_clocks/clocks.c.obj
LOAD CMakeFiles/ili9341_display.dir/pico-sdk/src/rp2_common/hardware_pll/pll.c.obj
LOAD CMakeFiles/ili9341_display.dir/pico-sdk/src/rp2_common/hardware_vreg/vreg.c.obj
LOAD CMakeFiles/ili9341_display.dir/pico-sdk/src/rp2_common/hardware_watchdog/watchdog.c.obj
LOAD CMakeFiles/ili9341_display.dir/pico-sdk/src/rp2_common/hardware_ticks/ticks.c.obj
LOAD CMakeFiles/ili9341_display.dir/pico-sdk/src/rp2_common/hardware_xosc/xosc.c.obj
LOAD CMakeFiles/ili9341_display.dir/pico-sdk/src/rp2_common/hardware_divider/divider.S.obj
LOAD CMakeFiles/ili9341_display.dir/pico-sdk/src/rp2_common/pico_runtime/runtime.c.obj
LOAD CMakeFiles/ili9341_display.dir/pico-sdk/src/rp2_common/pico_runtime_init/runtime_init.c.obj
LOAD CMakeFiles/ili9341_display.dir/pico-sdk/src/rp2_common/pico_runtime_init/runtime_init_clocks.c.obj
LOAD CMakeFiles/ili9341_display.dir/pico-sdk/src/rp2_common/pico_runtime_init/runtime_init_stack_guard.c.obj
LOAD CMakeFiles/ili9341_display.dir/pico-sdk/src/rp2_common/pico_bit_ops/bit_ops_aeabi.S.obj
LOAD CMakeFiles/ili9341_display.dir/pico-sdk/src/rp2_common/pico_bootrom/bootrom.c.obj
LOAD CMakeFiles/ili9341_display.dir/pico-sdk/src/rp2_common/pico_bootrom/bootrom_lock.c.obj
LOAD CMakeFiles/ili9341_display.dir/pico-sdk/src/rp2_common/hardware_boot_lock/boot_lock.c.obj
LOAD CMakeFiles/ili9341_display.dir/pico-sdk/src/rp2_common/pico_divider/divider_hardware.S.obj
LOAD CMakeFiles/ili9341_display.dir/pico-sdk/src/rp2_common/pico_double/double_aeabi_rp2040.S.obj
LOAD CMakeFiles/ili9341_display.dir/pico-sdk/src/rp2_common/pico_double/double_init_rom_rp2040.c.obj
LOAD CMakeFiles/ili9341_display.dir/pico-sdk/src/rp2_common/pico_double/double_math.c.obj
LOAD CMakeFiles/ili9341_display.dir/pico-sdk/src/rp2_common/pico_double/double_v1_rom_shim_rp2040.S.obj
LOAD CMakeFiles/ili9341_display.dir/pico-sdk/src/rp2_common/pico_int64_ops/pico_int64_ops_aeabi.S.obj
LOAD CMakeFiles/ili9341_display.dir/pico-sdk/src/rp2_common/pico_float/float_aeabi_rp2040.S.obj
LOAD CMakeFiles/ili9341_display.dir/pico-sdk/src/rp2_common/pico_float/float_init_rom_rp2040.c.obj
LOAD CMakeFiles/ili9341_display.dir/pico-sdk/src/rp2_common/pico_float/float_math.c.obj
LOAD CMakeFiles/ili9341_display.dir/pico-sdk/src/rp2_common/pico_float/float_v1_rom_shim_rp2040.S.obj
LOAD CMakeFiles/ili9341_display.dir/pico-sdk/src/rp2_common/pico_malloc/malloc.c.obj
LOAD CMakeFiles/ili9341_display.dir/pico-sdk/src/rp2_common/pico_mem_ops/mem_ops_aeabi.S.obj
LOAD CMakeFiles/ili9341_display.dir/pico-sdk/src/rp2_common/pico_atomic/atomic.c.obj
LOAD CMakeFiles/ili9341_display.dir/pico-sdk/src/rp2_common/pico_cxx_options/new_delete.cpp.obj
LOAD CMakeFiles/ili9341_display.dir/pico-sdk/src/rp2_common/pico_standard_binary_info/standard_binary_info.c.obj
LOAD CMakeFiles/ili9341_display.dir/pico-sdk/src/rp2_common/pico_printf/printf.c.obj
LOAD CMakeFiles/ili9341_display.dir/pico-sdk/src/rp2_common/pico_crt0/crt0.S.obj
LOAD CMakeFiles/ili9341_display.dir/pico-sdk/src/rp2_common/pico_clib_interface/newlib_interface.c.obj
LOAD CMakeFiles/ili9341_display.dir/pico-sdk/src/rp2_common/pico_stdio/stdio.c.obj
LOAD CMakeFiles/ili9341_display.dir/pico-sdk/src/rp2_common/pico_stdio_uart/stdio_uart.c.obj
LOAD CMakeFiles/ili9341_display.dir/pico-sdk/src/rp2_common/hardware_spi/spi.c.obj
LOAD CMakeFiles/ili9341_display.dir/pico-sdk/src/rp2_common/hardware_dma/dma.c.obj
LOAD /tmp/cctJHGKx.o
LOAD /usr/lib/gcc/arm-none-eabi/10.3.1/../../../arm-none-eabi/lib/thumb/v6-m/nofp/libstdc++.a
LOAD /usr/lib/gcc/arm-none-eabi/10.3.1/../../../arm-none-eabi/lib/thumb/v6-m/nofp/libm.a
START GROUP
LOAD /usr/lib/gcc/arm-none-eabi/10.3.1/thumb/v6-m/nofp/libgcc.a
LOAD /usr/lib/gcc/arm-none-eabi/10.3.1/../../../arm-none-eabi/lib/thumb/v6-m/nofp/libg.a
LOAD /usr/lib/gcc/arm-none-eabi/10.3.1/../../../arm-none-eabi/lib/thumb/v6-m/nofp/libc.a
END GROUP
START GROUP
LOAD /usr/lib/gcc/arm-none-eabi/10.3.1/thumb/v6-m/nofp/libgcc.a
LOAD /usr/lib/gcc/arm-none-eabi/10.3.1/../../../arm-none-eabi/lib/thumb/v6-m/nofp/libc.a
LOAD /usr/lib/gcc/arm-none-eabi/10.3.1/../../../arm-none-eabi/lib/thumb/v6-m/nofp/libnosys.a
END GROUP
LOAD /usr/lib/gcc/arm-none-eabi/10.3.1/thumb/v6-m/nofp/crtend.o
LOAD /usr/lib/gcc/arm-none-eabi/10.3.1/thumb/v6-m/nofp/crtn.o
OUTPUT(ili9341_display.elf elf32-littlearm)
LOAD linker stubs

.ARM.attributes
                0x0000000000000000       0x28
 .ARM.attributes
                0x0000000000000000       0x1e /usr/lib/gcc/arm-none-eabi/10.3.1/thumb/v6-m/nofp/crti.o
 .ARM.attributes
                0x000000000000001e       0x2c /usr/lib/gcc/arm-none-eabi/10.3.1/thumb/v6-m/nofp/crtbegin.o
 .ARM.attributes
                0x000000000000004a       0x2c CMakeFiles/ili9341_display.dir/main.c.obj
 .ARM.attributes
                0x0000000000000076       0x2c CMakeFiles/ili9341_display.dir/lib/ili9341/ili9341.c.obj
 .ARM.attributes
                0x00000000000000a2       0x2c CMakeFiles/ili9341_display.dir/pico-sdk/src/rp2_common/hardware_gpio/gpio.c.obj
 .ARM.attributes
                0x00000000000000ce       0x2c CMakeFiles/ili9341_display.dir/pico-sdk/src/rp2_common/pico_platform_panic/panic.c.obj
 .ARM.attributes
                0x00000000000000fa       0x2c CMakeFiles/ili9341_display.dir/pico-sdk/src/common/hardware_claim/claim.c.obj
 .ARM.attributes
                0x0000000000000126       0x2c CMakeFiles/ili9341_display.dir/pico-sdk/src/rp2_common/hardware_sync/sync.c.obj
 .ARM.attributes
                0x0000000000000152       0x2c CMakeFiles/ili9341_display.dir/pico-sdk/src/rp2_common/hardware_sync_spin_lock/sync_spin_lock.c.obj
 .ARM.attributes
                0x000000000000017e       0x2c CMakeFiles/ili9341_display.dir/pico-sdk/src/rp2_common/hardware_irq/irq.c.obj
 .ARM.attributes
                0x00000000000001aa       0x22 CMakeFiles/ili9341_display.dir/pico-sdk/src/rp2_common/hardware_irq/irq_handler_chain.S.obj
 .ARM.attributes
                0x00000000000001cc       0x2c CMakeFiles/ili9341_display.dir/pico-sdk/src/common/pico_sync/lock_core.c.obj
 .ARM.attributes
                0x00000000000001f8       0x2c CMakeFiles/ili9341_display.dir/pico-sdk/src/common/pico_sync/mutex.c.obj
 .ARM.attributes
                0x0000000000000224       0x2c CMakeFiles/ili9341_display.dir/pico-sdk/src/common/pico_time/time.c.obj
 .ARM.attributes
                0x0000000000000250       0x2c CMakeFiles/ili9341_display.dir/pico-sdk/src/rp2_common/hardware_timer/timer.c.obj
 .ARM.attributes
                0x000000000000027c       0x2c CMakeFiles/ili9341_display.dir/pico-sdk/src/rp2_common/hardware_uart/uart.c.obj
 .ARM.attributes
                0x00000000000002a8       0x2c CMakeFiles/ili9341_display.dir/pico-sdk/src/rp2_common/hardware_clocks/clocks.c.obj
 .ARM.attributes
                0x00000000000002d4       0x2c CMakeFiles/ili9341_display.dir/pico-sdk/src/rp2_common/hardware_pll/pll.c.obj
 .ARM.attributes
                0x0000000000000300       0x2c CMakeFiles/ili9341_display.dir/pico-sdk/src/rp2_common/hardware_ticks/ticks.c.obj
 .ARM.attributes
                0x000000000000032c       0x2c CMakeFiles/ili9341_display.dir/pico-sdk/src/rp2_common/hardware_xosc/xosc.c.obj
 .ARM.attributes
                0x0000000000000358       0x2c CMakeFiles/ili9341_display.dir/pico-sdk/src/rp2_common/pico_runtime/runtime.c.obj
 .ARM.attributes
                0x0000000000000384       0x2c CMakeFiles/ili9341_display.dir/pico-sdk/src/rp2_common/pico_runtime_init/runtime_init.c.obj
 .ARM.attributes
                0x00000000000003b0       0x2c CMakeFiles/ili9341_display.dir/pico-sdk/src/rp2_common/pico_runtime_init/runtime_init_clocks.c.obj
 .ARM.attributes
                0x00000000000003dc       0x22 CMakeFiles/ili9341_display.dir/pico-sdk/src/rp2_common/pico_bit_ops/bit_ops_aeabi.S.obj
 .ARM.attributes
                0x00000000000003fe       0x2c CMakeFiles/ili9341_display.dir/pico-sdk/src/rp2_common/pico_bootrom/bootrom.c.obj
 .ARM.attributes
                0x000000000000042a       0x22 CMakeFiles/ili9341_display.dir/pico-sdk/src/rp2_common/pico_divider/divider_hardware.S.obj
 .ARM.attributes
                0x000000000000044c       0x22 CMakeFiles/ili9341_display.dir/pico-sdk/src/rp2_common/pico_double/double_aeabi_rp2040.S.obj
 .ARM.attributes
                0x000000000000046e       0x2c CMakeFiles/ili9341_display.dir/pico-sdk/src/rp2_common/pico_double/double_init_rom_rp2040.c.obj
 .ARM.attributes
                0x000000000000049a       0x22 CMakeFiles/ili9341_display.dir/pico-sdk/src/rp2_common/pico_double/double_v1_rom_shim_rp2040.S.obj
 .ARM.attributes
                0x00000000000004bc       0x22 CMakeFiles/ili9341_display.dir/pico-sdk/src/rp2_common/pico_int64_ops/pico_int64_ops_aeabi.S.obj
 .ARM.attributes
                0x00000000000004de       0x22 CMakeFiles/ili9341_display.dir/pico-sdk/src/rp2_common/pico_float/float_aeabi_rp2040.S.obj
 .ARM.attributes
                0x0000000000000500       0x2c CMakeFiles/ili9341_display.dir/pico-sdk/src/rp2_common/pico_float/float_init_rom_rp2040.c.obj
 .ARM.attributes
                0x000000000000052c       0x22 CMakeFiles/ili9341_display.dir/pico-sdk/src/rp2_common/pico_float/float_v1_rom_shim_rp2040.S.obj
 .ARM.attributes
                0x000000000000054e       0x22 CMakeFiles/ili9341_display.dir/pico-sdk/src/rp2_common/pico_mem_ops/mem_ops_aeabi.S.obj
 .ARM.attributes
                0x0000000000000570       0x32 CMakeFiles/ili9341_display.dir/pico-sdk/src/rp2_common/pico_standard_binary_info/standard_binary_info.c.obj
 .ARM.attributes
                0x00000000000005a2       0x2c CMakeFiles/ili9341_display.dir/pico-sdk/src/rp2_common/pico_printf/printf.c.obj
 .ARM.attributes
                0x00000000000005ce       0x22 CMakeFiles/ili9341_display.dir/pico-sdk/src/rp2_common/pico_crt0/crt0.S.obj
 .ARM.attributes
                0x00000000000005f0       0x2c CMakeFiles/ili9341_display.dir/pico-sdk/src/rp2_common/pico_clib_interface/newlib_interface.c.obj
 .ARM.attributes
                0x000000000000061c       0x2c CMakeFiles/ili9341_display.dir/pico-sdk/src/rp2_common/pico_stdio/stdio.c.obj
 .ARM.attributes
                0x0000000000000648       0x2c CMakeFiles/ili9341_display.dir/pico-sdk/src/rp2_common/pico_stdio_uart/stdio_uart.c.obj
 .ARM.attributes
                0x0000000000000674       0x2c CMakeFiles/ili9341_display.dir/pico-sdk/src/rp2_common/hardware_spi/spi.c.obj
 .ARM.attributes
                0x00000000000006a0       0x22 /tmp/cctJHGKx.o
 .ARM.attributes
                0x00000000000006c2       0x1e /usr/lib/gcc/arm-none-eabi/10.3.1/thumb/v6-m/nofp/libgcc.a(_dvmd_tls.o)
 .ARM.attributes
                0x00000000000006e0       0x2c /usr/lib/gcc/arm-none-eabi/10.3.1/../../../arm-none-eabi/lib/thumb/v6-m/nofp/libg.a(lib_a-strlen-stub.o)
 .ARM.attributes
                0x000000000000070c       0x2c /usr/lib/gcc/arm-none-eabi/10.3.1/thumb/v6-m/nofp/crtend.o

.comment        0x0000000000000000       0x33
 .comment       0x0000000000000000       0x33 /usr/lib/gcc/arm-none-eabi/10.3.1/thumb/v6-m/nofp/crtbegin.o
                                         0x34 (size before relaxing)
 .comment       0x0000000000000033       0x34 CMakeFiles/ili9341_display.dir/main.c.obj
 .comment       0x0000000000000033       0x34 CMakeFiles/ili9341_display.dir/lib/ili9341/ili9341.c.obj
 .comment       0x0000000000000033       0x34 CMakeFiles/ili9341_display.dir/pico-sdk/src/rp2_common/hardware_gpio/gpio.c.obj
 .comment       0x0000000000000033       0x34 CMakeFiles/ili9341_display.dir/pico-sdk/src/rp2_common/pico_platform_panic/panic.c.obj
 .comment       0x0000000000000033       0x34 CMakeFiles/ili9341_display.dir/pico-sdk/src/common/hardware_claim/claim.c.obj
 .comment       0x0000000000000033       0x34 CMakeFiles/ili9341_display.dir/pico-sdk/src/rp2_common/hardware_sync/sync.c.obj
 .comment       0x0000000000000033       0x34 CMakeFiles/ili9341_display.dir/pico-sdk/src/rp2_common/hardware_sync_spin_lock/sync_spin_lock.c.obj
 .comment       0x0000000000000033       0x34 CMakeFiles/ili9341_display.dir/pico-sdk/src/rp2_common/hardware_irq/irq.c.obj
 .comment       0x0000000000000033       0x34 CMakeFiles/ili9341_display.dir/pico-sdk/src/common/pico_sync/lock_core.c.obj
 .comment       0x0000000000000033       0x34 CMakeFiles/ili9341_display.dir/pico-sdk/src/common/pico_sync/mutex.c.obj
 .comment       0x0000000000000033       0x34 CMakeFiles/ili9341_display.dir/pico-sdk/src/common/pico_time/time.c.obj
 .comment       0x0000000000000033       0x34 CMakeFiles/ili9341_display.dir/pico-sdk/src/rp2_common/hardware_timer/timer.c.obj
 .comment       0x0000000000000033       0x34 CMakeFiles/ili9341_display.dir/pico-sdk/src/rp2_common/hardware_uart/uart.c.obj
 .comment       0x0000000000000033       0x34 CMakeFiles/ili9341_display.dir/pico-sdk/src/rp2_common/hardware_clocks/clocks.c.obj
 .comment       0x0000000000000033       0x34 CMakeFiles/ili9341_display.dir/pico-sdk/src/rp2_common/hardware_pll/pll.c.obj
 .comment       0x0000000000000033       0x34 CMakeFiles/ili9341_display.dir/pico-sdk/src/rp2_common/hardware_ticks/ticks.c.obj
 .comment       0x0000000000000033       0x34 CMakeFiles/ili9341_display.dir/pico-sdk/src/rp2_common/hardware_xosc/xosc.c.obj
 .comment       0x0000000000000033       0x34 CMakeFiles/ili9341_display.dir/pico-sdk/src/rp2_common/pico_runtime/runtime.c.obj
 .comment       0x0000000000000033       0x34 CMakeFiles/ili9341_display.dir/pico-sdk/src/rp2_common/pico_runtime_init/runtime_init.c.obj
 .comment       0x0000000000000033       0x34 CMakeFiles/ili9341_display.dir/pico-sdk/src/rp2_common/pico_runtime_init/runtime_init_clocks.c.obj
 .comment       0x0000000000000033       0x34 CMakeFiles/ili9341_display.dir/pico-sdk/src/rp2_common/pico_bootrom/bootrom.c.obj
 .comment       0x0000000000000033       0x34 CMakeFiles/ili9341_display.dir/pico-sdk/src/rp2_common/pico_double/double_init_rom_rp2040.c.obj
 .comment       0x0000000000000033       0x34 CMakeFiles/ili9341_display.dir/pico-sdk/src/rp2_common/pico_float/float_init_rom_rp2040.c.obj
 .comment       0x0000000000000033       0x34 CMakeFiles/ili9341_display.dir/pico-sdk/src/rp2_common/pico_standard_binary_info/standard_binary_info.c.obj
 .comment       0x0000000000000033       0x34 CMakeFiles/ili9341_display.dir/pico-sdk/src/rp2_common/pico_printf/printf.c.obj
 .comment       0x0000000000000033       0x34 CMakeFiles/ili9341_display.dir/pico-sdk/src/rp2_common/pico_clib_interface/newlib_interface.c.obj
 .comment       0x0000000000000033       0x34 CMakeFiles/ili9341_display.dir/pico-sdk/src/rp2_common/pico_stdio/stdio.c.obj
 .comment       0x0000000000000033       0x34 CMakeFiles/ili9341_display.dir/pico-sdk/src/rp2_common/pico_stdio_uart/stdio_uart.c.obj
 .comment       0x0000000000000033       0x34 CMakeFiles/ili9341_display.dir/pico-sdk/src/rp2_common/hardware_spi/spi.c.obj
 .comment       0x0000000000000033       0x34 /usr/lib/gcc/arm-none-eabi/10.3.1/../../../arm-none-eabi/lib/thumb/v6-m/nofp/libg.a(lib_a-strlen-stub.o)
 .comment       0x0000000000000033       0x34 /usr/lib/gcc/arm-none-eabi/10.3.1/thumb/v6-m/nofp/crtend.o

.debug_info     0x0000000000000000    0x23980
 .debug_info    0x0000000000000000     0x1664 CMakeFiles/ili9341_display.dir/main.c.obj
 .debug_info    0x0000000000001664     0x4e4c CMakeFiles/ili9341_display.dir/lib/ili9341/ili9341.c.obj
 .debug_info    0x00000000000064b0     0x24d4 CMakeFiles/ili9341_display.dir/pico-sdk/src/rp2_common/hardware_gpio/gpio.c.obj
 .debug_info    0x0000000000008984      0x19c CMakeFiles/ili9341_display.dir/pico-sdk/src/rp2_common/pico_platform_panic/panic.c.obj
 .debug_info    0x0000000000008b20      0xa39 CMakeFiles/ili9341_display.dir/pico-sdk/src/common/hardware_claim/claim.c.obj
 .debug_info    0x0000000000009559      0x3dd CMakeFiles/ili9341_display.dir/pico-sdk/src/rp2_common/hardware_sync/sync.c.obj
 .debug_info    0x0000000000009936      0x242 CMakeFiles/ili9341_display.dir/pico-sdk/src/rp2_common/hardware_sync_spin_lock/sync_spin_lock.c.obj
 .debug_info    0x0000000000009b78     0x21fa CMakeFiles/ili9341_display.dir/pico-sdk/src/rp2_common/hardware_irq/irq.c.obj
 .debug_info    0x000000000000bd72      0x154 CMakeFiles/ili9341_display.dir/pico-sdk/src/common/pico_sync/lock_core.c.obj
 .debug_info    0x000000000000bec6     0x2a97 CMakeFiles/ili9341_display.dir/pico-sdk/src/common/pico_sync/mutex.c.obj
 .debug_info    0x000000000000e95d     0x4ac3 CMakeFiles/ili9341_display.dir/pico-sdk/src/common/pico_time/time.c.obj
 .debug_info    0x0000000000013420     0x2aa7 CMakeFiles/ili9341_display.dir/pico-sdk/src/rp2_common/hardware_timer/timer.c.obj
 .debug_info    0x0000000000015ec7     0x19c5 CMakeFiles/ili9341_display.dir/pico-sdk/src/rp2_common/hardware_uart/uart.c.obj
 .debug_info    0x000000000001788c     0x28de CMakeFiles/ili9341_display.dir/pico-sdk/src/rp2_common/hardware_clocks/clocks.c.obj
 .debug_info    0x000000000001a16a      0x4f9 CMakeFiles/ili9341_display.dir/pico-sdk/src/rp2_common/hardware_pll/pll.c.obj
 .debug_info    0x000000000001a663      0x242 CMakeFiles/ili9341_display.dir/pico-sdk/src/rp2_common/hardware_ticks/ticks.c.obj
 .debug_info    0x000000000001a8a5      0x1c5 CMakeFiles/ili9341_display.dir/pico-sdk/src/rp2_common/hardware_xosc/xosc.c.obj
 .debug_info    0x000000000001aa6a      0x208 CMakeFiles/ili9341_display.dir/pico-sdk/src/rp2_common/pico_runtime/runtime.c.obj
 .debug_info    0x000000000001ac72      0x7c4 CMakeFiles/ili9341_display.dir/pico-sdk/src/rp2_common/pico_runtime_init/runtime_init.c.obj
 .debug_info    0x000000000001b436      0x701 CMakeFiles/ili9341_display.dir/pico-sdk/src/rp2_common/pico_runtime_init/runtime_init_clocks.c.obj
 .debug_info    0x000000000001bb37       0x22 CMakeFiles/ili9341_display.dir/pico-sdk/src/rp2_common/pico_bit_ops/bit_ops_aeabi.S.obj
 .debug_info    0x000000000001bb59      0x3c2 CMakeFiles/ili9341_display.dir/pico-sdk/src/rp2_common/pico_bootrom/bootrom.c.obj
 .debug_info    0x000000000001bf1b       0x22 CMakeFiles/ili9341_display.dir/pico-sdk/src/rp2_common/pico_divider/divider_hardware.S.obj
 .debug_info    0x000000000001bf3d       0x22 CMakeFiles/ili9341_display.dir/pico-sdk/src/rp2_common/pico_double/double_aeabi_rp2040.S.obj
 .debug_info    0x000000000001bf5f      0x211 CMakeFiles/ili9341_display.dir/pico-sdk/src/rp2_common/pico_double/double_init_rom_rp2040.c.obj
 .debug_info    0x000000000001c170       0x22 CMakeFiles/ili9341_display.dir/pico-sdk/src/rp2_common/pico_double/double_v1_rom_shim_rp2040.S.obj
 .debug_info    0x000000000001c192       0x26 CMakeFiles/ili9341_display.dir/pico-sdk/src/rp2_common/pico_int64_ops/pico_int64_ops_aeabi.S.obj
 .debug_info    0x000000000001c1b8       0x22 CMakeFiles/ili9341_display.dir/pico-sdk/src/rp2_common/pico_float/float_aeabi_rp2040.S.obj
 .debug_info    0x000000000001c1da      0x21b CMakeFiles/ili9341_display.dir/pico-sdk/src/rp2_common/pico_float/float_init_rom_rp2040.c.obj
 .debug_info    0x000000000001c3f5       0x22 CMakeFiles/ili9341_display.dir/pico-sdk/src/rp2_common/pico_float/float_v1_rom_shim_rp2040.S.obj
 .debug_info    0x000000000001c417       0x22 CMakeFiles/ili9341_display.dir/pico-sdk/src/rp2_common/pico_mem_ops/mem_ops_aeabi.S.obj
 .debug_info    0x000000000001c439      0x29a CMakeFiles/ili9341_display.dir/pico-sdk/src/rp2_common/pico_standard_binary_info/standard_binary_info.c.obj
 .debug_info    0x000000000001c6d3     0x21b1 CMakeFiles/ili9341_display.dir/pico-sdk/src/rp2_common/pico_printf/printf.c.obj
 .debug_info    0x000000000001e884       0x22 CMakeFiles/ili9341_display.dir/pico-sdk/src/rp2_common/pico_crt0/crt0.S.obj
 .debug_info    0x000000000001e8a6      0xb4e CMakeFiles/ili9341_display.dir/pico-sdk/src/rp2_common/pico_clib_interface/newlib_interface.c.obj
 .debug_info    0x000000000001f3f4     0x1ccb CMakeFiles/ili9341_display.dir/pico-sdk/src/rp2_common/pico_stdio/stdio.c.obj
 .debug_info    0x00000000000210bf     0x14f8 CMakeFiles/ili9341_display.dir/pico-sdk/src/rp2_common/pico_stdio_uart/stdio_uart.c.obj
 .debug_info    0x00000000000225b7     0x12b5 CMakeFiles/ili9341_display.dir/pico-sdk/src/rp2_common/hardware_spi/spi.c.obj
 .debug_info    0x000000000002386c       0x26 /usr/lib/gcc/arm-none-eabi/10.3.1/thumb/v6-m/nofp/libgcc.a(_dvmd_tls.o)
 .debug_info    0x0000000000023892       0xee /usr/lib/gcc/arm-none-eabi/10.3.1/../../../arm-none-eabi/lib/thumb/v6-m/nofp/libg.a(lib_a-strlen-stub.o)

.debug_abbrev   0x0000000000000000     0x56a1
 .debug_abbrev  0x0000000000000000      0x42f CMakeFiles/ili9341_display.dir/main.c.obj
 .debug_abbrev  0x000000000000042f      0x40a CMakeFiles/ili9341_display.dir/lib/ili9341/ili9341.c.obj
 .debug_abbrev  0x0000000000000839      0x4b6 CMakeFiles/ili9341_display.dir/pico-sdk/src/rp2_common/hardware_gpio/gpio.c.obj
 .debug_abbrev  0x0000000000000cef       0xf4 CMakeFiles/ili9341_display.dir/pico-sdk/src/rp2_common/pico_platform_panic/panic.c.obj
 .debug_abbrev  0x0000000000000de3      0x2e6 CMakeFiles/ili9341_display.dir/pico-sdk/src/common/hardware_claim/claim.c.obj
 .debug_abbrev  0x00000000000010c9      0x1de CMakeFiles/ili9341_display.dir/pico-sdk/src/rp2_common/hardware_sync/sync.c.obj
 .debug_abbrev  0x00000000000012a7      0x1b2 CMakeFiles/ili9341_display.dir/pico-sdk/src/rp2_common/hardware_sync_spin_lock/sync_spin_lock.c.obj
 .debug_abbrev  0x0000000000001459      0x588 CMakeFiles/ili9341_display.dir/pico-sdk/src/rp2_common/hardware_irq/irq.c.obj
 .debug_abbrev  0x00000000000019e1       0xee CMakeFiles/ili9341_display.dir/pico-sdk/src/common/pico_sync/lock_core.c.obj
 .debug_abbrev  0x0000000000001acf      0x413 CMakeFiles/ili9341_display.dir/pico-sdk/src/common/pico_sync/mutex.c.obj
 .debug_abbrev  0x0000000000001ee2      0x606 CMakeFiles/ili9341_display.dir/pico-sdk/src/common/pico_time/time.c.obj
 .debug_abbrev  0x00000000000024e8      0x4ae CMakeFiles/ili9341_display.dir/pico-sdk/src/rp2_common/hardware_timer/timer.c.obj
 .debug_abbrev  0x0000000000002996      0x315 CMakeFiles/ili9341_display.dir/pico-sdk/src/rp2_common/hardware_uart/uart.c.obj
 .debug_abbrev  0x0000000000002cab      0x49f CMakeFiles/ili9341_display.dir/pico-sdk/src/rp2_common/hardware_clocks/clocks.c.obj
 .debug_abbrev  0x000000000000314a      0x1c6 CMakeFiles/ili9341_display.dir/pico-sdk/src/rp2_common/hardware_pll/pll.c.obj
 .debug_abbrev  0x0000000000003310      0x141 CMakeFiles/ili9341_display.dir/pico-sdk/src/rp2_common/hardware_ticks/ticks.c.obj
 .debug_abbrev  0x0000000000003451      0x118 CMakeFiles/ili9341_display.dir/pico-sdk/src/rp2_common/hardware_xosc/xosc.c.obj
 .debug_abbrev  0x0000000000003569      0x16c CMakeFiles/ili9341_display.dir/pico-sdk/src/rp2_common/pico_runtime/runtime.c.obj
 .debug_abbrev  0x00000000000036d5      0x20c CMakeFiles/ili9341_display.dir/pico-sdk/src/rp2_common/pico_runtime_init/runtime_init.c.obj
 .debug_abbrev  0x00000000000038e1      0x246 CMakeFiles/ili9341_display.dir/pico-sdk/src/rp2_common/pico_runtime_init/runtime_init_clocks.c.obj
 .debug_abbrev  0x0000000000003b27       0x12 CMakeFiles/ili9341_display.dir/pico-sdk/src/rp2_common/pico_bit_ops/bit_ops_aeabi.S.obj
 .debug_abbrev  0x0000000000003b39      0x1ba CMakeFiles/ili9341_display.dir/pico-sdk/src/rp2_common/pico_bootrom/bootrom.c.obj
 .debug_abbrev  0x0000000000003cf3       0x12 CMakeFiles/ili9341_display.dir/pico-sdk/src/rp2_common/pico_divider/divider_hardware.S.obj
 .debug_abbrev  0x0000000000003d05       0x12 CMakeFiles/ili9341_display.dir/pico-sdk/src/rp2_common/pico_double/double_aeabi_rp2040.S.obj
 .debug_abbrev  0x0000000000003d17      0x15c CMakeFiles/ili9341_display.dir/pico-sdk/src/rp2_common/pico_double/double_init_rom_rp2040.c.obj
 .debug_abbrev  0x0000000000003e73       0x12 CMakeFiles/ili9341_display.dir/pico-sdk/src/rp2_common/pico_double/double_v1_rom_shim_rp2040.S.obj
 .debug_abbrev  0x0000000000003e85       0x14 CMakeFiles/ili9341_display.dir/pico-sdk/src/rp2_common/pico_int64_ops/pico_int64_ops_aeabi.S.obj
 .debug_abbrev  0x0000000000003e99       0x12 CMakeFiles/ili9341_display.dir/pico-sdk/src/rp2_common/pico_float/float_aeabi_rp2040.S.obj
 .debug_abbrev  0x0000000000003eab      0x15c CMakeFiles/ili9341_display.dir/pico-sdk/src/rp2_common/pico_float/float_init_rom_rp2040.c.obj
 .debug_abbrev  0x0000000000004007       0x12 CMakeFiles/ili9341_display.dir/pico-sdk/src/rp2_common/pico_float/float_v1_rom_shim_rp2040.S.obj
 .debug_abbrev  0x0000000000004019       0x12 CMakeFiles/ili9341_display.dir/pico-sdk/src/rp2_common/pico_mem_ops/mem_ops_aeabi.S.obj
 .debug_abbrev  0x000000000000402b       0xad CMakeFiles/ili9341_display.dir/pico-sdk/src/rp2_common/pico_standard_binary_info/standard_binary_info.c.obj
 .debug_abbrev  0x00000000000040d8      0x517 CMakeFiles/ili9341_display.dir/pico-sdk/src/rp2_common/pico_printf/printf.c.obj
 .debug_abbrev  0x00000000000045ef       0x12 CMakeFiles/ili9341_display.dir/pico-sdk/src/rp2_common/pico_crt0/crt0.S.obj
 .debug_abbrev  0x0000000000004601      0x315 CMakeFiles/ili9341_display.dir/pico-sdk/src/rp2_common/pico_clib_interface/newlib_interface.c.obj
 .debug_abbrev  0x0000000000004916      0x58d CMakeFiles/ili9341_display.dir/pico-sdk/src/rp2_common/pico_stdio/stdio.c.obj
 .debug_abbrev  0x0000000000004ea3      0x455 CMakeFiles/ili9341_display.dir/pico-sdk/src/rp2_common/pico_stdio_uart/stdio_uart.c.obj
 .debug_abbrev  0x00000000000052f8      0x306 CMakeFiles/ili9341_display.dir/pico-sdk/src/rp2_common/hardware_spi/spi.c.obj
 .debug_abbrev  0x00000000000055fe       0x14 /usr/lib/gcc/arm-none-eabi/10.3.1/thumb/v6-m/nofp/libgcc.a(_dvmd_tls.o)
 .debug_abbrev  0x0000000000005612       0x8f /usr/lib/gcc/arm-none-eabi/10.3.1/../../../arm-none-eabi/lib/thumb/v6-m/nofp/libg.a(lib_a-strlen-stub.o)

.debug_loc      0x0000000000000000    0x1cf8b
 .debug_loc     0x0000000000000000      0x4b7 CMakeFiles/ili9341_display.dir/main.c.obj
 .debug_loc     0x00000000000004b7     0x388e CMakeFiles/ili9341_display.dir/lib/ili9341/ili9341.c.obj
 .debug_loc     0x0000000000003d45     0x2956 CMakeFiles/ili9341_display.dir/pico-sdk/src/rp2_common/hardware_gpio/gpio.c.obj
 .debug_loc     0x000000000000669b      0x6c7 CMakeFiles/ili9341_display.dir/pico-sdk/src/common/hardware_claim/claim.c.obj
 .debug_loc     0x0000000000006d62      0x154 CMakeFiles/ili9341_display.dir/pico-sdk/src/rp2_common/hardware_sync/sync.c.obj
 .debug_loc     0x0000000000006eb6       0xb5 CMakeFiles/ili9341_display.dir/pico-sdk/src/rp2_common/hardware_sync_spin_lock/sync_spin_lock.c.obj
 .debug_loc     0x0000000000006f6b     0x1b3c CMakeFiles/ili9341_display.dir/pico-sdk/src/rp2_common/hardware_irq/irq.c.obj
 .debug_loc     0x0000000000008aa7       0x4d CMakeFiles/ili9341_display.dir/pico-sdk/src/common/pico_sync/lock_core.c.obj
 .debug_loc     0x0000000000008af4     0x1b8e CMakeFiles/ili9341_display.dir/pico-sdk/src/common/pico_sync/mutex.c.obj
 .debug_loc     0x000000000000a682     0x40c2 CMakeFiles/ili9341_display.dir/pico-sdk/src/common/pico_time/time.c.obj
 .debug_loc     0x000000000000e744     0x24fd CMakeFiles/ili9341_display.dir/pico-sdk/src/rp2_common/hardware_timer/timer.c.obj
 .debug_loc     0x0000000000010c41     0x1476 CMakeFiles/ili9341_display.dir/pico-sdk/src/rp2_common/hardware_uart/uart.c.obj
 .debug_loc     0x00000000000120b7     0x31ea CMakeFiles/ili9341_display.dir/pico-sdk/src/rp2_common/hardware_clocks/clocks.c.obj
 .debug_loc     0x00000000000152a1      0x28f CMakeFiles/ili9341_display.dir/pico-sdk/src/rp2_common/hardware_pll/pll.c.obj
 .debug_loc     0x0000000000015530       0x57 CMakeFiles/ili9341_display.dir/pico-sdk/src/rp2_common/hardware_ticks/ticks.c.obj
 .debug_loc     0x0000000000015587       0x71 CMakeFiles/ili9341_display.dir/pico-sdk/src/rp2_common/hardware_xosc/xosc.c.obj
 .debug_loc     0x00000000000155f8       0xbc CMakeFiles/ili9341_display.dir/pico-sdk/src/rp2_common/pico_runtime/runtime.c.obj
 .debug_loc     0x00000000000156b4      0x11c CMakeFiles/ili9341_display.dir/pico-sdk/src/rp2_common/pico_runtime_init/runtime_init.c.obj
 .debug_loc     0x00000000000157d0       0xa7 CMakeFiles/ili9341_display.dir/pico-sdk/src/rp2_common/pico_runtime_init/runtime_init_clocks.c.obj
 .debug_loc     0x0000000000015877      0x388 CMakeFiles/ili9341_display.dir/pico-sdk/src/rp2_common/pico_bootrom/bootrom.c.obj
 .debug_loc     0x0000000000015bff       0x44 CMakeFiles/ili9341_display.dir/pico-sdk/src/rp2_common/pico_double/double_init_rom_rp2040.c.obj
 .debug_loc     0x0000000000015c43       0x82 CMakeFiles/ili9341_display.dir/pico-sdk/src/rp2_common/pico_float/float_init_rom_rp2040.c.obj
 .debug_loc     0x0000000000015cc5     0x3c08 CMakeFiles/ili9341_display.dir/pico-sdk/src/rp2_common/pico_printf/printf.c.obj
 .debug_loc     0x00000000000198cd      0x5b1 CMakeFiles/ili9341_display.dir/pico-sdk/src/rp2_common/pico_clib_interface/newlib_interface.c.obj
 .debug_loc     0x0000000000019e7e     0x1565 CMakeFiles/ili9341_display.dir/pico-sdk/src/rp2_common/pico_stdio/stdio.c.obj
 .debug_loc     0x000000000001b3e3      0xa24 CMakeFiles/ili9341_display.dir/pico-sdk/src/rp2_common/pico_stdio_uart/stdio_uart.c.obj
 .debug_loc     0x000000000001be07     0x10f4 CMakeFiles/ili9341_display.dir/pico-sdk/src/rp2_common/hardware_spi/spi.c.obj
 .debug_loc     0x000000000001cefb       0x90 /usr/lib/gcc/arm-none-eabi/10.3.1/../../../arm-none-eabi/lib/thumb/v6-m/nofp/libg.a(lib_a-strlen-stub.o)

.debug_aranges  0x0000000000000000     0x1048
 .debug_aranges
                0x0000000000000000       0x30 CMakeFiles/ili9341_display.dir/main.c.obj
 .debug_aranges
                0x0000000000000030       0x88 CMakeFiles/ili9341_display.dir/lib/ili9341/ili9341.c.obj
 .debug_aranges
                0x00000000000000b8      0x120 CMakeFiles/ili9341_display.dir/pico-sdk/src/rp2_common/hardware_gpio/gpio.c.obj
 .debug_aranges
                0x00000000000001d8       0x28 CMakeFiles/ili9341_display.dir/pico-sdk/src/rp2_common/pico_platform_panic/panic.c.obj
 .debug_aranges
                0x0000000000000200       0x48 CMakeFiles/ili9341_display.dir/pico-sdk/src/common/hardware_claim/claim.c.obj
 .debug_aranges
                0x0000000000000248       0x48 CMakeFiles/ili9341_display.dir/pico-sdk/src/rp2_common/hardware_sync/sync.c.obj
 .debug_aranges
                0x0000000000000290       0x28 CMakeFiles/ili9341_display.dir/pico-sdk/src/rp2_common/hardware_sync_spin_lock/sync_spin_lock.c.obj
 .debug_aranges
                0x00000000000002b8       0xb0 CMakeFiles/ili9341_display.dir/pico-sdk/src/rp2_common/hardware_irq/irq.c.obj
 .debug_aranges
                0x0000000000000368       0x20 CMakeFiles/ili9341_display.dir/pico-sdk/src/common/pico_sync/lock_core.c.obj
 .debug_aranges
                0x0000000000000388       0x98 CMakeFiles/ili9341_display.dir/pico-sdk/src/common/pico_sync/mutex.c.obj
 .debug_aranges
                0x0000000000000420       0xe0 CMakeFiles/ili9341_display.dir/pico-sdk/src/common/pico_time/time.c.obj
 .debug_aranges
                0x0000000000000500       0xf0 CMakeFiles/ili9341_display.dir/pico-sdk/src/rp2_common/hardware_timer/timer.c.obj
 .debug_aranges
                0x00000000000005f0       0x58 CMakeFiles/ili9341_display.dir/pico-sdk/src/rp2_common/hardware_uart/uart.c.obj
 .debug_aranges
                0x0000000000000648       0x90 CMakeFiles/ili9341_display.dir/pico-sdk/src/rp2_common/hardware_clocks/clocks.c.obj
 .debug_aranges
                0x00000000000006d8       0x28 CMakeFiles/ili9341_display.dir/pico-sdk/src/rp2_common/hardware_pll/pll.c.obj
 .debug_aranges
                0x0000000000000700       0x30 CMakeFiles/ili9341_display.dir/pico-sdk/src/rp2_common/hardware_ticks/ticks.c.obj
 .debug_aranges
                0x0000000000000730       0x30 CMakeFiles/ili9341_display.dir/pico-sdk/src/rp2_common/hardware_xosc/xosc.c.obj
 .debug_aranges
                0x0000000000000760       0x38 CMakeFiles/ili9341_display.dir/pico-sdk/src/rp2_common/pico_runtime/runtime.c.obj
 .debug_aranges
                0x0000000000000798       0x48 CMakeFiles/ili9341_display.dir/pico-sdk/src/rp2_common/pico_runtime_init/runtime_init.c.obj
 .debug_aranges
                0x00000000000007e0       0x20 CMakeFiles/ili9341_display.dir/pico-sdk/src/rp2_common/pico_runtime_init/runtime_init_clocks.c.obj
 .debug_aranges
                0x0000000000000800       0x60 CMakeFiles/ili9341_display.dir/pico-sdk/src/rp2_common/pico_bit_ops/bit_ops_aeabi.S.obj
 .debug_aranges
                0x0000000000000860       0x38 CMakeFiles/ili9341_display.dir/pico-sdk/src/rp2_common/pico_bootrom/bootrom.c.obj
 .debug_aranges
                0x0000000000000898       0x40 CMakeFiles/ili9341_display.dir/pico-sdk/src/rp2_common/pico_divider/divider_hardware.S.obj
 .debug_aranges
                0x00000000000008d8      0x140 CMakeFiles/ili9341_display.dir/pico-sdk/src/rp2_common/pico_double/double_aeabi_rp2040.S.obj
 .debug_aranges
                0x0000000000000a18       0x20 CMakeFiles/ili9341_display.dir/pico-sdk/src/rp2_common/pico_double/double_init_rom_rp2040.c.obj
 .debug_aranges
                0x0000000000000a38       0xc8 CMakeFiles/ili9341_display.dir/pico-sdk/src/rp2_common/pico_double/double_v1_rom_shim_rp2040.S.obj
 .debug_aranges
                0x0000000000000b00       0x20 CMakeFiles/ili9341_display.dir/pico-sdk/src/rp2_common/pico_int64_ops/pico_int64_ops_aeabi.S.obj
 .debug_aranges
                0x0000000000000b20      0x130 CMakeFiles/ili9341_display.dir/pico-sdk/src/rp2_common/pico_float/float_aeabi_rp2040.S.obj
 .debug_aranges
                0x0000000000000c50       0x20 CMakeFiles/ili9341_display.dir/pico-sdk/src/rp2_common/pico_float/float_init_rom_rp2040.c.obj
 .debug_aranges
                0x0000000000000c70       0x50 CMakeFiles/ili9341_display.dir/pico-sdk/src/rp2_common/pico_float/float_v1_rom_shim_rp2040.S.obj
 .debug_aranges
                0x0000000000000cc0       0x38 CMakeFiles/ili9341_display.dir/pico-sdk/src/rp2_common/pico_mem_ops/mem_ops_aeabi.S.obj
 .debug_aranges
                0x0000000000000cf8       0x18 CMakeFiles/ili9341_display.dir/pico-sdk/src/rp2_common/pico_standard_binary_info/standard_binary_info.c.obj
 .debug_aranges
                0x0000000000000d10       0x90 CMakeFiles/ili9341_display.dir/pico-sdk/src/rp2_common/pico_printf/printf.c.obj
 .debug_aranges
                0x0000000000000da0       0x28 CMakeFiles/ili9341_display.dir/pico-sdk/src/rp2_common/pico_crt0/crt0.S.obj
 .debug_aranges
                0x0000000000000dc8       0xa0 CMakeFiles/ili9341_display.dir/pico-sdk/src/rp2_common/pico_clib_interface/newlib_interface.c.obj
 .debug_aranges
                0x0000000000000e68       0xc8 CMakeFiles/ili9341_display.dir/pico-sdk/src/rp2_common/pico_stdio/stdio.c.obj
 .debug_aranges
                0x0000000000000f30       0x70 CMakeFiles/ili9341_display.dir/pico-sdk/src/rp2_common/pico_stdio_uart/stdio_uart.c.obj
 .debug_aranges
                0x0000000000000fa0       0x68 CMakeFiles/ili9341_display.dir/pico-sdk/src/rp2_common/hardware_spi/spi.c.obj
 .debug_aranges
                0x0000000000001008       0x20 /usr/lib/gcc/arm-none-eabi/10.3.1/thumb/v6-m/nofp/libgcc.a(_dvmd_tls.o)
 .debug_aranges
                0x0000000000001028       0x20 /usr/lib/gcc/arm-none-eabi/10.3.1/../../../arm-none-eabi/lib/thumb/v6-m/nofp/libg.a(lib_a-strlen-stub.o)

.debug_ranges   0x0000000000000000     0xbb20
 .debug_ranges  0x0000000000000000      0x2b0 CMakeFiles/ili9341_display.dir/main.c.obj
 .debug_ranges  0x00000000000002b0     0x20f0 CMakeFiles/ili9341_display.dir/lib/ili9341/ili9341.c.obj
 .debug_ranges  0x00000000000023a0      0xd28 CMakeFiles/ili9341_display.dir/pico-sdk/src/rp2_common/hardware_gpio/gpio.c.obj
 .debug_ranges  0x00000000000030c8       0x18 CMakeFiles/ili9341_display.dir/pico-sdk/src/rp2_common/pico_platform_panic/panic.c.obj
 .debug_ranges  0x00000000000030e0      0x440 CMakeFiles/ili9341_display.dir/pico-sdk/src/common/hardware_claim/claim.c.obj
 .debug_ranges  0x0000000000003520       0xd8 CMakeFiles/ili9341_display.dir/pico-sdk/src/rp2_common/hardware_sync/sync.c.obj
 .debug_ranges  0x00000000000035f8       0xa8 CMakeFiles/ili9341_display.dir/pico-sdk/src/rp2_common/hardware_sync_spin_lock/sync_spin_lock.c.obj
 .debug_ranges  0x00000000000036a0      0xa38 CMakeFiles/ili9341_display.dir/pico-sdk/src/rp2_common/hardware_irq/irq.c.obj
 .debug_ranges  0x00000000000040d8       0x28 CMakeFiles/ili9341_display.dir/pico-sdk/src/common/pico_sync/lock_core.c.obj
 .debug_ranges  0x0000000000004100     0x16b0 CMakeFiles/ili9341_display.dir/pico-sdk/src/common/pico_sync/mutex.c.obj
 .debug_ranges  0x00000000000057b0     0x2030 CMakeFiles/ili9341_display.dir/pico-sdk/src/common/pico_time/time.c.obj
 .debug_ranges  0x00000000000077e0      0xe60 CMakeFiles/ili9341_display.dir/pico-sdk/src/rp2_common/hardware_timer/timer.c.obj
 .debug_ranges  0x0000000000008640      0x820 CMakeFiles/ili9341_display.dir/pico-sdk/src/rp2_common/hardware_uart/uart.c.obj
 .debug_ranges  0x0000000000008e60      0xac8 CMakeFiles/ili9341_display.dir/pico-sdk/src/rp2_common/hardware_clocks/clocks.c.obj
 .debug_ranges  0x0000000000009928       0xd8 CMakeFiles/ili9341_display.dir/pico-sdk/src/rp2_common/hardware_pll/pll.c.obj
 .debug_ranges  0x0000000000009a00       0x38 CMakeFiles/ili9341_display.dir/pico-sdk/src/rp2_common/hardware_ticks/ticks.c.obj
 .debug_ranges  0x0000000000009a38       0x38 CMakeFiles/ili9341_display.dir/pico-sdk/src/rp2_common/hardware_xosc/xosc.c.obj
 .debug_ranges  0x0000000000009a70       0x58 CMakeFiles/ili9341_display.dir/pico-sdk/src/rp2_common/pico_runtime/runtime.c.obj
 .debug_ranges  0x0000000000009ac8       0xb0 CMakeFiles/ili9341_display.dir/pico-sdk/src/rp2_common/pico_runtime_init/runtime_init.c.obj
 .debug_ranges  0x0000000000009b78       0x28 CMakeFiles/ili9341_display.dir/pico-sdk/src/rp2_common/pico_runtime_init/runtime_init_clocks.c.obj
 .debug_ranges  0x0000000000009ba0       0x58 CMakeFiles/ili9341_display.dir/pico-sdk/src/rp2_common/pico_bit_ops/bit_ops_aeabi.S.obj
 .debug_ranges  0x0000000000009bf8       0xe8 CMakeFiles/ili9341_display.dir/pico-sdk/src/rp2_common/pico_bootrom/bootrom.c.obj
 .debug_ranges  0x0000000000009ce0       0x38 CMakeFiles/ili9341_display.dir/pico-sdk/src/rp2_common/pico_divider/divider_hardware.S.obj
 .debug_ranges  0x0000000000009d18      0x138 CMakeFiles/ili9341_display.dir/pico-sdk/src/rp2_common/pico_double/double_aeabi_rp2040.S.obj
 .debug_ranges  0x0000000000009e50       0x30 CMakeFiles/ili9341_display.dir/pico-sdk/src/rp2_common/pico_double/double_init_rom_rp2040.c.obj
 .debug_ranges  0x0000000000009e80       0xc0 CMakeFiles/ili9341_display.dir/pico-sdk/src/rp2_common/pico_double/double_v1_rom_shim_rp2040.S.obj
 .debug_ranges  0x0000000000009f40      0x128 CMakeFiles/ili9341_display.dir/pico-sdk/src/rp2_common/pico_float/float_aeabi_rp2040.S.obj
 .debug_ranges  0x000000000000a068       0x10 CMakeFiles/ili9341_display.dir/pico-sdk/src/rp2_common/pico_float/float_init_rom_rp2040.c.obj
 .debug_ranges  0x000000000000a078       0x48 CMakeFiles/ili9341_display.dir/pico-sdk/src/rp2_common/pico_float/float_v1_rom_shim_rp2040.S.obj
 .debug_ranges  0x000000000000a0c0       0x30 CMakeFiles/ili9341_display.dir/pico-sdk/src/rp2_common/pico_mem_ops/mem_ops_aeabi.S.obj
 .debug_ranges  0x000000000000a0f0      0x500 CMakeFiles/ili9341_display.dir/pico-sdk/src/rp2_common/pico_printf/printf.c.obj
 .debug_ranges  0x000000000000a5f0       0x20 CMakeFiles/ili9341_display.dir/pico-sdk/src/rp2_common/pico_crt0/crt0.S.obj
 .debug_ranges  0x000000000000a610      0x120 CMakeFiles/ili9341_display.dir/pico-sdk/src/rp2_common/pico_clib_interface/newlib_interface.c.obj
 .debug_ranges  0x000000000000a730      0x8d0 CMakeFiles/ili9341_display.dir/pico-sdk/src/rp2_common/pico_stdio/stdio.c.obj
 .debug_ranges  0x000000000000b000      0x4c0 CMakeFiles/ili9341_display.dir/pico-sdk/src/rp2_common/pico_stdio_uart/stdio_uart.c.obj
 .debug_ranges  0x000000000000b4c0      0x660 CMakeFiles/ili9341_display.dir/pico-sdk/src/rp2_common/hardware_spi/spi.c.obj

.debug_line     0x0000000000000000    0x1a713
 .debug_line    0x0000000000000000      0x8ba CMakeFiles/ili9341_display.dir/main.c.obj
 .debug_line    0x00000000000008ba     0x2a50 CMakeFiles/ili9341_display.dir/lib/ili9341/ili9341.c.obj
 .debug_line    0x000000000000330a     0x1cd5 CMakeFiles/ili9341_display.dir/pico-sdk/src/rp2_common/hardware_gpio/gpio.c.obj
 .debug_line    0x0000000000004fdf      0x22b CMakeFiles/ili9341_display.dir/pico-sdk/src/rp2_common/pico_platform_panic/panic.c.obj
 .debug_line    0x000000000000520a      0x92d CMakeFiles/ili9341_display.dir/pico-sdk/src/common/hardware_claim/claim.c.obj
 .debug_line    0x0000000000005b37      0x4aa CMakeFiles/ili9341_display.dir/pico-sdk/src/rp2_common/hardware_sync/sync.c.obj
 .debug_line    0x0000000000005fe1      0x369 CMakeFiles/ili9341_display.dir/pico-sdk/src/rp2_common/hardware_sync_spin_lock/sync_spin_lock.c.obj
 .debug_line    0x000000000000634a     0x16aa CMakeFiles/ili9341_display.dir/pico-sdk/src/rp2_common/hardware_irq/irq.c.obj
 .debug_line    0x00000000000079f4      0x29d CMakeFiles/ili9341_display.dir/pico-sdk/src/common/pico_sync/lock_core.c.obj
 .debug_line    0x0000000000007c91     0x1ac0 CMakeFiles/ili9341_display.dir/pico-sdk/src/common/pico_sync/mutex.c.obj
 .debug_line    0x0000000000009751     0x3135 CMakeFiles/ili9341_display.dir/pico-sdk/src/common/pico_time/time.c.obj
 .debug_line    0x000000000000c886     0x1d72 CMakeFiles/ili9341_display.dir/pico-sdk/src/rp2_common/hardware_timer/timer.c.obj
 .debug_line    0x000000000000e5f8     0x11b4 CMakeFiles/ili9341_display.dir/pico-sdk/src/rp2_common/hardware_uart/uart.c.obj
 .debug_line    0x000000000000f7ac     0x1caa CMakeFiles/ili9341_display.dir/pico-sdk/src/rp2_common/hardware_clocks/clocks.c.obj
 .debug_line    0x0000000000011456      0x515 CMakeFiles/ili9341_display.dir/pico-sdk/src/rp2_common/hardware_pll/pll.c.obj
 .debug_line    0x000000000001196b      0x2f3 CMakeFiles/ili9341_display.dir/pico-sdk/src/rp2_common/hardware_ticks/ticks.c.obj
 .debug_line    0x0000000000011c5e      0x31e CMakeFiles/ili9341_display.dir/pico-sdk/src/rp2_common/hardware_xosc/xosc.c.obj
 .debug_line    0x0000000000011f7c      0x2ae CMakeFiles/ili9341_display.dir/pico-sdk/src/rp2_common/pico_runtime/runtime.c.obj
 .debug_line    0x000000000001222a      0x51f CMakeFiles/ili9341_display.dir/pico-sdk/src/rp2_common/pico_runtime_init/runtime_init.c.obj
 .debug_line    0x0000000000012749      0x556 CMakeFiles/ili9341_display.dir/pico-sdk/src/rp2_common/pico_runtime_init/runtime_init_clocks.c.obj
 .debug_line    0x0000000000012c9f      0x149 CMakeFiles/ili9341_display.dir/pico-sdk/src/rp2_common/pico_bit_ops/bit_ops_aeabi.S.obj
 .debug_line    0x0000000000012de8      0x2bc CMakeFiles/ili9341_display.dir/pico-sdk/src/rp2_common/pico_bootrom/bootrom.c.obj
 .debug_line    0x00000000000130a4      0x2ee CMakeFiles/ili9341_display.dir/pico-sdk/src/rp2_common/pico_divider/divider_hardware.S.obj
 .debug_line    0x0000000000013392      0x43f CMakeFiles/ili9341_display.dir/pico-sdk/src/rp2_common/pico_double/double_aeabi_rp2040.S.obj
 .debug_line    0x00000000000137d1      0x385 CMakeFiles/ili9341_display.dir/pico-sdk/src/rp2_common/pico_double/double_init_rom_rp2040.c.obj
 .debug_line    0x0000000000013b56      0x6ba CMakeFiles/ili9341_display.dir/pico-sdk/src/rp2_common/pico_double/double_v1_rom_shim_rp2040.S.obj
 .debug_line    0x0000000000014210       0xac CMakeFiles/ili9341_display.dir/pico-sdk/src/rp2_common/pico_int64_ops/pico_int64_ops_aeabi.S.obj
 .debug_line    0x00000000000142bc      0x3f9 CMakeFiles/ili9341_display.dir/pico-sdk/src/rp2_common/pico_float/float_aeabi_rp2040.S.obj
 .debug_line    0x00000000000146b5      0x2e0 CMakeFiles/ili9341_display.dir/pico-sdk/src/rp2_common/pico_float/float_init_rom_rp2040.c.obj
 .debug_line    0x0000000000014995      0x1e0 CMakeFiles/ili9341_display.dir/pico-sdk/src/rp2_common/pico_float/float_v1_rom_shim_rp2040.S.obj
 .debug_line    0x0000000000014b75       0xd6 CMakeFiles/ili9341_display.dir/pico-sdk/src/rp2_common/pico_mem_ops/mem_ops_aeabi.S.obj
 .debug_line    0x0000000000014c4b      0x19f CMakeFiles/ili9341_display.dir/pico-sdk/src/rp2_common/pico_standard_binary_info/standard_binary_info.c.obj
 .debug_line    0x0000000000014dea     0x17f3 CMakeFiles/ili9341_display.dir/pico-sdk/src/rp2_common/pico_printf/printf.c.obj
 .debug_line    0x00000000000165dd       0xda CMakeFiles/ili9341_display.dir/pico-sdk/src/rp2_common/pico_crt0/crt0.S.obj
 .debug_line    0x00000000000166b7      0x84d CMakeFiles/ili9341_display.dir/pico-sdk/src/rp2_common/pico_clib_interface/newlib_interface.c.obj
 .debug_line    0x0000000000016f04     0x1553 CMakeFiles/ili9341_display.dir/pico-sdk/src/rp2_common/pico_stdio/stdio.c.obj
 .debug_line    0x0000000000018457      0xdac CMakeFiles/ili9341_display.dir/pico-sdk/src/rp2_common/pico_stdio_uart/stdio_uart.c.obj
 .debug_line    0x0000000000019203     0x133e CMakeFiles/ili9341_display.dir/pico-sdk/src/rp2_common/hardware_spi/spi.c.obj
 .debug_line    0x000000000001a541       0x60 /usr/lib/gcc/arm-none-eabi/10.3.1/thumb/v6-m/nofp/libgcc.a(_dvmd_tls.o)
 .debug_line    0x000000000001a5a1      0x172 /usr/lib/gcc/arm-none-eabi/10.3.1/../../../arm-none-eabi/lib/thumb/v6-m/nofp/libg.a(lib_a-strlen-stub.o)

.debug_str      0x0000000000000000     0x561c
 .debug_str     0x0000000000000000      0xd0f CMakeFiles/ili9341_display.dir/main.c.obj
                                        0xe07 (size before relaxing)
 .debug_str     0x0000000000000d0f      0x6d0 CMakeFiles/ili9341_display.dir/lib/ili9341/ili9341.c.obj
                                       0x1102 (size before relaxing)
 .debug_str     0x00000000000013df      0x5d8 CMakeFiles/ili9341_display.dir/pico-sdk/src/rp2_common/hardware_gpio/gpio.c.obj